{
    "Test no gtf profile": {
        "content": [
            0,
            null,
            [
                "pipeline_info"
            ],
            [
                
            ]
        ],
        "meta": {
            "nf-test": "0.9.2",
            "nextflow": "26.04.4"
        },
        "timestamp": "2026-07-08T19:18:45.419743645"
    }
}