{
    "Test maxquant profile": {
        "content": [
            20,
            {
                "CUSTOM_FILTERDIFFERENTIALTABLE": {
                    "pandas": "1.5.2",
                    "python": "3.11.15"
                },
                "CUSTOM_MATRIXFILTER": {
                    "r-base": "4.2.1"
                },
                "LIMMA_DIFFERENTIAL": {
                    "r-base": "4.3.3",
                    "bioconductor-limma": "3.58.1"
                },
                "PLOT_DIFFERENTIAL": {
                    "shinyngs": "2.4.0"
                },
                "PLOT_EXPLORATORY": {
                    "shinyngs": "2.4.0"
                },
                "PROTEUS": {
                    "r-base": "4.2.1",
                    "r-proteus-bartongroup": "0.2.16",
                    "r-plotly": "4.10.2",
                    "bioconductor-limma": "3.54.0"
                },
                "VALIDATOR": {
                    "shinyngs": "2.4.0"
                },
                "Workflow": {
                    "nf-core/differentialabundance": "v2.0.0"
                }
            },
            [
                "other",
                "other/limma",
                "other/limma/maxquant",
                "other/limma/maxquant/fakebatch_fakeBatch_b1_b2_PXD043349.MArrayLM.limma.rds",
                "other/limma/maxquant/fakebatch_fakeBatch_b1_b2_PXD043349.R_sessionInfo.log",
                "other/limma/maxquant/genotype_celltype_t1_FoB_PXD043349.MArrayLM.limma.rds",
                "other/limma/maxquant/genotype_celltype_t1_FoB_PXD043349.R_sessionInfo.log",
                "other/limma/maxquant/genotype_celltype_t1_MZ_fakeBatch_PXD043349.MArrayLM.limma.rds",
                "other/limma/maxquant/genotype_celltype_t1_MZ_fakeBatch_PXD043349.R_sessionInfo.log",
                "other/limma/maxquant/genotype_celltype_t1_t2_PXD043349.MArrayLM.limma.rds",
                "other/limma/maxquant/genotype_celltype_t1_t2_PXD043349.R_sessionInfo.log",
                "other/proteus",
                "other/proteus/maxquant",
                "other/proteus/maxquant/Celltype",
                "other/proteus/maxquant/Celltype/normalizeMedian.normalized_proteingroups.rds",
                "other/proteus/maxquant/Celltype/raw_proteingroups.rds",
                "other/proteus/maxquant/R_sessionInfo.log",
                "other/proteus/maxquant/fakeBatch",
                "other/proteus/maxquant/fakeBatch/normalizeMedian.normalized_proteingroups.rds",
                "other/proteus/maxquant/fakeBatch/raw_proteingroups.rds",
                "pipeline_info",
                "pipeline_info/collated_versions.yml",
                "pipeline_info/nf_core_differentialabundance_software_versions.yml",
                "plots",
                "plots/differential",
                "plots/differential/maxquant",
                "plots/differential/maxquant/fakebatch_fakeBatch_b1_b2_PXD043349",
                "plots/differential/maxquant/fakebatch_fakeBatch_b1_b2_PXD043349/png",
                "plots/differential/maxquant/fakebatch_fakeBatch_b1_b2_PXD043349/png/volcano.png",
                "plots/differential/maxquant/genotype_celltype_t1_FoB_PXD043349",
                "plots/differential/maxquant/genotype_celltype_t1_FoB_PXD043349/png",
                "plots/differential/maxquant/genotype_celltype_t1_FoB_PXD043349/png/volcano.png",
                "plots/differential/maxquant/genotype_celltype_t1_MZ_fakeBatch_PXD043349",
                "plots/differential/maxquant/genotype_celltype_t1_MZ_fakeBatch_PXD043349/png",
                "plots/differential/maxquant/genotype_celltype_t1_MZ_fakeBatch_PXD043349/png/volcano.png",
                "plots/differential/maxquant/genotype_celltype_t1_t2_PXD043349",
                "plots/differential/maxquant/genotype_celltype_t1_t2_PXD043349/png",
                "plots/differential/maxquant/genotype_celltype_t1_t2_PXD043349/png/volcano.png",
                "plots/exploratory",
                "plots/exploratory/maxquant",
                "plots/exploratory/maxquant/Celltype",
                "plots/exploratory/maxquant/Celltype/png",
                "plots/exploratory/maxquant/Celltype/png/boxplot.png",
                "plots/exploratory/maxquant/Celltype/png/density.png",
                "plots/exploratory/maxquant/Celltype/png/mad_correlation.png",
                "plots/exploratory/maxquant/Celltype/png/pca2d.png",
                "plots/exploratory/maxquant/Celltype/png/pca3d.png",
                "plots/exploratory/maxquant/Celltype/png/sample_dendrogram.png",
                "plots/exploratory/maxquant/fakeBatch",
                "plots/exploratory/maxquant/fakeBatch/png",
                "plots/exploratory/maxquant/fakeBatch/png/boxplot.png",
                "plots/exploratory/maxquant/fakeBatch/png/density.png",
                "plots/exploratory/maxquant/fakeBatch/png/mad_correlation.png",
                "plots/exploratory/maxquant/fakeBatch/png/pca2d.png",
                "plots/exploratory/maxquant/fakeBatch/png/pca3d.png",
                "plots/exploratory/maxquant/fakeBatch/png/sample_dendrogram.png",
                "plots/proteus",
                "plots/proteus/maxquant",
                "plots/proteus/maxquant/Celltype",
                "plots/proteus/maxquant/Celltype/normalizeMedian.normalized_dendrogram.png",
                "plots/proteus/maxquant/Celltype/normalizeMedian.normalized_distributions.png",
                "plots/proteus/maxquant/Celltype/normalizeMedian.normalized_mean_variance_relationship.png",
                "plots/proteus/maxquant/Celltype/raw_distributions.png",
                "plots/proteus/maxquant/fakeBatch",
                "plots/proteus/maxquant/fakeBatch/normalizeMedian.normalized_dendrogram.png",
                "plots/proteus/maxquant/fakeBatch/normalizeMedian.normalized_distributions.png",
                "plots/proteus/maxquant/fakeBatch/normalizeMedian.normalized_mean_variance_relationship.png",
                "plots/proteus/maxquant/fakeBatch/raw_distributions.png",
                "plots/qc",
                "plots/qc/maxquant",
                "plots/qc/maxquant/fakebatch_fakeBatch_b1_b2_PXD043349.limma.mean_difference.png",
                "plots/qc/maxquant/genotype_celltype_t1_FoB_PXD043349.limma.mean_difference.png",
                "plots/qc/maxquant/genotype_celltype_t1_MZ_fakeBatch_PXD043349.limma.mean_difference.png",
                "plots/qc/maxquant/genotype_celltype_t1_t2_PXD043349.limma.mean_difference.png",
                "report",
                "report/maxquant",
                "report/maxquant/PXD043349.zip",
                "report/maxquant/PXD043349_differentialabundance_report.html",
                "tables",
                "tables/differential",
                "tables/differential/maxquant",
                "tables/differential/maxquant/fakebatch_fakeBatch_b1_b2_PXD043349.limma.results.tsv",
                "tables/differential/maxquant/fakebatch_fakeBatch_b1_b2_PXD043349.limma.results_filtered.tsv",
                "tables/differential/maxquant/genotype_celltype_t1_FoB_PXD043349.limma.results.tsv",
                "tables/differential/maxquant/genotype_celltype_t1_FoB_PXD043349.limma.results_filtered.tsv",
                "tables/differential/maxquant/genotype_celltype_t1_MZ_fakeBatch_PXD043349.limma.results.tsv",
                "tables/differential/maxquant/genotype_celltype_t1_MZ_fakeBatch_PXD043349.limma.results_filtered.tsv",
                "tables/differential/maxquant/genotype_celltype_t1_t2_PXD043349.limma.results.tsv",
                "tables/differential/maxquant/genotype_celltype_t1_t2_PXD043349.limma.results_filtered.tsv",
                "tables/proteus",
                "tables/proteus/maxquant",
                "tables/proteus/maxquant/normalizeMedian.normalized_proteingroups_tab.tsv",
                "tables/proteus/maxquant/raw_proteingroups_tab.tsv"
            ],
            [
                "normalizeMedian.normalized_proteingroups.rds:md5,4463faf22fe79b9cbda4f660a835498e",
                "raw_proteingroups.rds:md5,43ce6f39dada44045324f93cdac859e0",
                "normalizeMedian.normalized_proteingroups.rds:md5,87ddc57c2abbc10be4eda0caafdf0bb9",
                "raw_proteingroups.rds:md5,98055b82ff3b0674487cb2fbde06bb18",
                "normalizeMedian.normalized_proteingroups_tab.tsv:md5,154fcd8d23409981b897d153e7b7e34e",
                "raw_proteingroups_tab.tsv:md5,33a8791f84c676ea1aea4842231acb6a"
            ],
            [
                {
                    "tables/proteus/maxquant/normalizeMedian.normalized_proteingroups_tab.tsv": [
                        "Majority protein IDs\tsample 5\tsample 6\tsample 7\tsample 8\tsample 9\tsample 10\tsample 11\tsample 12\tsample 13\tsample 15\tsample 16\tsample 17\tsample 18\tsample 19\tsample 20",
                        "A0A087WNL7;A0A087WQ44;A0A087WNX7\t27.8516\t27.6239\t27.2773\t26.9757\t27.5414\t27.355\t26.0547\t26.9867\t27.9643\t27.6937\t27.5277\t28.5363\t28.2833\t27.7017\t27.9942",
                        "A0A0A6YXN4;A0A075B5U4\t26.2718\t24.4849\tNA\tNA\tNA\tNA\tNA\t23.9809\t26.0939\t24.6358\tNA\t26.4804\t26.2111\t24.8112\t25.8862",
                        "A0A0A6YY64;A2AUP3;A2AUP5;A2AUP1;Q7TS91;A2AUP4;A7UAK8;Q3U3S6;A7UAK5;A7UAK4;A0A0A6YW89\t28.1231\t27.4669\t27.8917\t27.1811\t27.7849\t27.4104\t27.5254\t26.8671\t27.8825\t27.6802\t27.1002\t28.0843\t27.2558\t27.8537\t27.2188",
                        "A0A0B4J1E6;P08101;A0A0B4J1G1;P08101-2\t27.0948\t27.0879\t27.6852\t27.8429\t27.1846\t27.5038\t27.413\t27.7366\t27.5475\t28.0482\t27.9616\t27.9329\t28.0226\t28.0777\t28.4065",
                        "A0A0G2JDV3\t27.5211\t27.8367\t28.8014\t27.8506\t27.714\t27.8988\t28.2198\t28.3181\t28.1671\t28.9049\t28.5628\t27.8032\t28.1361\t28.797\t28.403"
                    ]
                },
                {
                    "tables/proteus/maxquant/raw_proteingroups_tab.tsv": [
                        "Majority protein IDs\tsample 5\tsample 6\tsample 7\tsample 8\tsample 9\tsample 10\tsample 11\tsample 12\tsample 13\tsample 15\tsample 16\tsample 17\tsample 18\tsample 19\tsample 20",
                        "A0A087WNL7;A0A087WQ44;A0A087WNX7\t27.9121\t27.6716\t27.1785\t27.033\t27.7214\t27.4768\t26.2356\t27.2113\t28.0542\t27.5637\t27.4247\t28.2752\t28.1579\t27.5343\t27.8022",
                        "A0A0A6YXN4;A0A075B5U4\t26.3322\t24.5326\tNA\tNA\tNA\tNA\tNA\t24.2055\t26.1838\t24.5058\tNA\t26.2194\t26.0857\t24.6438\t25.6942",
                        "A0A0A6YY64;A2AUP3;A2AUP5;A2AUP1;Q7TS91;A2AUP4;A7UAK8;Q3U3S6;A7UAK5;A7UAK4;A0A0A6YW89\t28.1836\t27.5146\t27.7928\t27.2384\t27.9648\t27.5322\t27.7064\t27.0917\t27.9725\t27.5502\t26.9972\t27.8233\t27.1304\t27.6863\t27.0268",
                        "A0A0B4J1E6;P08101;A0A0B4J1G1;P08101-2\t27.1553\t27.1356\t27.5863\t27.9002\t27.3645\t27.6256\t27.5939\t27.9612\t27.6374\t27.9182\t27.8586\t27.6718\t27.8972\t27.9103\t28.2145",
                        "A0A0G2JDV3\t27.5815\t27.8844\t28.7026\t27.9079\t27.8939\t28.0207\t28.4007\t28.5427\t28.257\t28.7749\t28.4598\t27.5422\t28.0107\t28.6295\t28.2109"
                    ]
                }
            ]
        ],
        "timestamp": "2026-06-18T17:26:33.533645396",
        "meta": {
            "nf-test": "0.9.5",
            "nextflow": "26.04.0"
        }
    }
}