{
    "CLI flag overrides paramsheet - round_digits": {
        "content": [
            24,
            {
                "CSVTK_JOIN": {
                    "csvtk": "0.31.0"
                },
                "CUSTOM_FILTERDIFFERENTIALTABLE": {
                    "pandas": "1.5.2"
                },
                "CUSTOM_TABULARTOGSEACHIP": {
                    "gawk": "5.1.0"
                },
                "CUSTOM_TABULARTOGSEACLS": {
                    "awk": "1.3.4"
                },
                "CUSTOM_TABULARTOGSEAGCT": {
                    "awk": "1.3.4"
                },
                "DESEQ2_DIFFERENTIAL": {
                    "r-base": "4.1.3",
                    "bioconductor-deseq2": "1.34.0"
                },
                "DESEQ2_NORM": {
                    "r-base": "4.1.3",
                    "bioconductor-deseq2": "1.34.0"
                },
                "GSEA_GSEA": {
                    "gsea": "4.3.2"
                },
                "GTF_TO_TABLE": {
                    "atlas-gene-annotation-manipulation": "1.1.1"
                },
                "GUNZIP_GTF": {
                    "gunzip": 1.13
                },
                "PLOT_DIFFERENTIAL": {
                    "r-shinyngs": "2.3.0"
                },
                "PLOT_EXPLORATORY": {
                    "r-shinyngs": "2.3.0"
                },
                "SHINYNGS_APP": {
                    "r-shinyngs": "2.3.0"
                },
                "VALIDATOR": {
                    "r-shinyngs": "2.3.0"
                },
                "Workflow": {
                    "nf-core/differentialabundance": "v1.6.0dev"
                }
            },
            [
                "other",
                "other/deseq2",
                "other/deseq2/deseq2_rnaseq_gsea",
                "other/deseq2/deseq2_rnaseq_gsea/treatment_mCherry_hND6__SRP254919.dds.rld.rds",
                "other/deseq2/deseq2_rnaseq_gsea/treatment_mCherry_hND6__SRP254919.deseq2.sizefactors.tsv",
                "other/deseq2/deseq2_rnaseq_gsea/treatment_mCherry_hND6_sample_number_SRP254919.dds.rld.rds",
                "other/deseq2/deseq2_rnaseq_gsea/treatment_mCherry_hND6_sample_number_SRP254919.deseq2.sizefactors.tsv",
                "pipeline_info",
                "pipeline_info/collated_versions.yml",
                "pipeline_info/nf_core_differentialabundance_software_versions.yml",
                "plots",
                "plots/differential",
                "plots/differential/deseq2_rnaseq_gsea",
                "plots/differential/deseq2_rnaseq_gsea/treatment_mCherry_hND6__SRP254919",
                "plots/differential/deseq2_rnaseq_gsea/treatment_mCherry_hND6__SRP254919/png",
                "plots/differential/deseq2_rnaseq_gsea/treatment_mCherry_hND6__SRP254919/png/volcano.png",
                "plots/differential/deseq2_rnaseq_gsea/treatment_mCherry_hND6_sample_number_SRP254919",
                "plots/differential/deseq2_rnaseq_gsea/treatment_mCherry_hND6_sample_number_SRP254919/png",
                "plots/differential/deseq2_rnaseq_gsea/treatment_mCherry_hND6_sample_number_SRP254919/png/volcano.png",
                "plots/differential/deseq2_rnaseq_gsea/versions.yml",
                "plots/exploratory",
                "plots/exploratory/deseq2_rnaseq_gsea",
                "plots/exploratory/deseq2_rnaseq_gsea/treatment",
                "plots/exploratory/deseq2_rnaseq_gsea/treatment/png",
                "plots/exploratory/deseq2_rnaseq_gsea/treatment/png/boxplot.png",
                "plots/exploratory/deseq2_rnaseq_gsea/treatment/png/density.png",
                "plots/exploratory/deseq2_rnaseq_gsea/treatment/png/mad_correlation.png",
                "plots/exploratory/deseq2_rnaseq_gsea/treatment/png/pca2d.png",
                "plots/exploratory/deseq2_rnaseq_gsea/treatment/png/pca3d.png",
                "plots/exploratory/deseq2_rnaseq_gsea/treatment/png/sample_dendrogram.png",
                "plots/exploratory/deseq2_rnaseq_gsea/versions.yml",
                "plots/qc",
                "plots/qc/deseq2_rnaseq_gsea",
                "plots/qc/deseq2_rnaseq_gsea/treatment_mCherry_hND6__SRP254919.deseq2.dispersion.png",
                "plots/qc/deseq2_rnaseq_gsea/treatment_mCherry_hND6_sample_number_SRP254919.deseq2.dispersion.png",
                "report",
                "report/deseq2_rnaseq_gsea",
                "report/deseq2_rnaseq_gsea/SRP254919.zip",
                "report/deseq2_rnaseq_gsea/SRP254919_differentialabundance_report.html",
                "report/gsea",
                "report/gsea/deseq2_rnaseq_gsea",
                "report/gsea/deseq2_rnaseq_gsea/treatment_mCherry_hND6__SRP254919",
                "report/gsea/deseq2_rnaseq_gsea/treatment_mCherry_hND6__SRP254919/mh.all.v2022.1.Mm.symbols",
                "report/gsea/deseq2_rnaseq_gsea/treatment_mCherry_hND6__SRP254919/mh.all.v2022.1.Mm.symbols/gene_sets_treatment_mCherry_hND6__SRP254919.mh.all.v2022.1.Mm.symbols.HALLMARK_KRAS_SIGNALING_DN.html",
                "report/gsea/deseq2_rnaseq_gsea/treatment_mCherry_hND6__SRP254919/mh.all.v2022.1.Mm.symbols/gene_sets_treatment_mCherry_hND6__SRP254919.mh.all.v2022.1.Mm.symbols.HALLMARK_KRAS_SIGNALING_DN.tsv",
                "report/gsea/deseq2_rnaseq_gsea/treatment_mCherry_hND6__SRP254919/mh.all.v2022.1.Mm.symbols/gene_sets_treatment_mCherry_hND6__SRP254919.mh.all.v2022.1.Mm.symbols.HALLMARK_KRAS_SIGNALING_DN_4.png",
                "report/gsea/deseq2_rnaseq_gsea/treatment_mCherry_hND6__SRP254919/mh.all.v2022.1.Mm.symbols/gene_sets_treatment_mCherry_hND6__SRP254919.mh.all.v2022.1.Mm.symbols.Symbol_to_probe_set_mapping_details.tsv",
                "report/gsea/deseq2_rnaseq_gsea/treatment_mCherry_hND6__SRP254919/mh.all.v2022.1.Mm.symbols/treatment_mCherry_hND6__SRP254919.mh.all.v2022.1.Mm.symbols.Gsea.rpt",
                "report/gsea/deseq2_rnaseq_gsea/treatment_mCherry_hND6__SRP254919/mh.all.v2022.1.Mm.symbols/treatment_mCherry_hND6__SRP254919.mh.all.v2022.1.Mm.symbols.butterfly_plot.png",
                "report/gsea/deseq2_rnaseq_gsea/treatment_mCherry_hND6__SRP254919/mh.all.v2022.1.Mm.symbols/treatment_mCherry_hND6__SRP254919.mh.all.v2022.1.Mm.symbols.enplot_HALLMARK_KRAS_SIGNALING_DN_3.png",
                "report/gsea/deseq2_rnaseq_gsea/treatment_mCherry_hND6__SRP254919/mh.all.v2022.1.Mm.symbols/treatment_mCherry_hND6__SRP254919.mh.all.v2022.1.Mm.symbols.gene_set_sizes.tsv",
                "report/gsea/deseq2_rnaseq_gsea/treatment_mCherry_hND6__SRP254919/mh.all.v2022.1.Mm.symbols/treatment_mCherry_hND6__SRP254919.mh.all.v2022.1.Mm.symbols.global_es_histogram.png",
                "report/gsea/deseq2_rnaseq_gsea/treatment_mCherry_hND6__SRP254919/mh.all.v2022.1.Mm.symbols/treatment_mCherry_hND6__SRP254919.mh.all.v2022.1.Mm.symbols.gsea_report_for_hND6.html",
                "report/gsea/deseq2_rnaseq_gsea/treatment_mCherry_hND6__SRP254919/mh.all.v2022.1.Mm.symbols/treatment_mCherry_hND6__SRP254919.mh.all.v2022.1.Mm.symbols.gsea_report_for_hND6.tsv",
                "report/gsea/deseq2_rnaseq_gsea/treatment_mCherry_hND6__SRP254919/mh.all.v2022.1.Mm.symbols/treatment_mCherry_hND6__SRP254919.mh.all.v2022.1.Mm.symbols.gsea_report_for_mCherry.html",
                "report/gsea/deseq2_rnaseq_gsea/treatment_mCherry_hND6__SRP254919/mh.all.v2022.1.Mm.symbols/treatment_mCherry_hND6__SRP254919.mh.all.v2022.1.Mm.symbols.gsea_report_for_mCherry.tsv",
                "report/gsea/deseq2_rnaseq_gsea/treatment_mCherry_hND6__SRP254919/mh.all.v2022.1.Mm.symbols/treatment_mCherry_hND6__SRP254919.mh.all.v2022.1.Mm.symbols.gset_rnd_es_dist_5.png",
                "report/gsea/deseq2_rnaseq_gsea/treatment_mCherry_hND6__SRP254919/mh.all.v2022.1.Mm.symbols/treatment_mCherry_hND6__SRP254919.mh.all.v2022.1.Mm.symbols.heat_map_1.png",
                "report/gsea/deseq2_rnaseq_gsea/treatment_mCherry_hND6__SRP254919/mh.all.v2022.1.Mm.symbols/treatment_mCherry_hND6__SRP254919.mh.all.v2022.1.Mm.symbols.heat_map_corr_plot.html",
                "report/gsea/deseq2_rnaseq_gsea/treatment_mCherry_hND6__SRP254919/mh.all.v2022.1.Mm.symbols/treatment_mCherry_hND6__SRP254919.mh.all.v2022.1.Mm.symbols.index.html",
                "report/gsea/deseq2_rnaseq_gsea/treatment_mCherry_hND6__SRP254919/mh.all.v2022.1.Mm.symbols/treatment_mCherry_hND6__SRP254919.mh.all.v2022.1.Mm.symbols.neg_snapshot.html",
                "report/gsea/deseq2_rnaseq_gsea/treatment_mCherry_hND6__SRP254919/mh.all.v2022.1.Mm.symbols/treatment_mCherry_hND6__SRP254919.mh.all.v2022.1.Mm.symbols.pos_snapshot.html",
                "report/gsea/deseq2_rnaseq_gsea/treatment_mCherry_hND6__SRP254919/mh.all.v2022.1.Mm.symbols/treatment_mCherry_hND6__SRP254919.mh.all.v2022.1.Mm.symbols.pvalues_vs_nes_plot.png",
                "report/gsea/deseq2_rnaseq_gsea/treatment_mCherry_hND6__SRP254919/mh.all.v2022.1.Mm.symbols/treatment_mCherry_hND6__SRP254919.mh.all.v2022.1.Mm.symbols.ranked_gene_list_hND6_versus_mCherry.tsv",
                "report/gsea/deseq2_rnaseq_gsea/treatment_mCherry_hND6__SRP254919/mh.all.v2022.1.Mm.symbols/treatment_mCherry_hND6__SRP254919.mh.all.v2022.1.Mm.symbols.ranked_list_corr_2.png",
                "report/gsea/deseq2_rnaseq_gsea/treatment_mCherry_hND6_sample_number_SRP254919",
                "report/gsea/deseq2_rnaseq_gsea/treatment_mCherry_hND6_sample_number_SRP254919/mh.all.v2022.1.Mm.symbols",
                "report/gsea/deseq2_rnaseq_gsea/treatment_mCherry_hND6_sample_number_SRP254919/mh.all.v2022.1.Mm.symbols/gene_sets_treatment_mCherry_hND6_sample_number_SRP254919.mh.all.v2022.1.Mm.symbols.HALLMARK_KRAS_SIGNALING_DN.html",
                "report/gsea/deseq2_rnaseq_gsea/treatment_mCherry_hND6_sample_number_SRP254919/mh.all.v2022.1.Mm.symbols/gene_sets_treatment_mCherry_hND6_sample_number_SRP254919.mh.all.v2022.1.Mm.symbols.HALLMARK_KRAS_SIGNALING_DN.tsv",
                "report/gsea/deseq2_rnaseq_gsea/treatment_mCherry_hND6_sample_number_SRP254919/mh.all.v2022.1.Mm.symbols/gene_sets_treatment_mCherry_hND6_sample_number_SRP254919.mh.all.v2022.1.Mm.symbols.HALLMARK_KRAS_SIGNALING_DN_4.png",
                "report/gsea/deseq2_rnaseq_gsea/treatment_mCherry_hND6_sample_number_SRP254919/mh.all.v2022.1.Mm.symbols/gene_sets_treatment_mCherry_hND6_sample_number_SRP254919.mh.all.v2022.1.Mm.symbols.Symbol_to_probe_set_mapping_details.tsv",
                "report/gsea/deseq2_rnaseq_gsea/treatment_mCherry_hND6_sample_number_SRP254919/mh.all.v2022.1.Mm.symbols/treatment_mCherry_hND6_sample_number_SRP254919.mh.all.v2022.1.Mm.symbols.Gsea.rpt",
                "report/gsea/deseq2_rnaseq_gsea/treatment_mCherry_hND6_sample_number_SRP254919/mh.all.v2022.1.Mm.symbols/treatment_mCherry_hND6_sample_number_SRP254919.mh.all.v2022.1.Mm.symbols.butterfly_plot.png",
                "report/gsea/deseq2_rnaseq_gsea/treatment_mCherry_hND6_sample_number_SRP254919/mh.all.v2022.1.Mm.symbols/treatment_mCherry_hND6_sample_number_SRP254919.mh.all.v2022.1.Mm.symbols.enplot_HALLMARK_KRAS_SIGNALING_DN_3.png",
                "report/gsea/deseq2_rnaseq_gsea/treatment_mCherry_hND6_sample_number_SRP254919/mh.all.v2022.1.Mm.symbols/treatment_mCherry_hND6_sample_number_SRP254919.mh.all.v2022.1.Mm.symbols.gene_set_sizes.tsv",
                "report/gsea/deseq2_rnaseq_gsea/treatment_mCherry_hND6_sample_number_SRP254919/mh.all.v2022.1.Mm.symbols/treatment_mCherry_hND6_sample_number_SRP254919.mh.all.v2022.1.Mm.symbols.global_es_histogram.png",
                "report/gsea/deseq2_rnaseq_gsea/treatment_mCherry_hND6_sample_number_SRP254919/mh.all.v2022.1.Mm.symbols/treatment_mCherry_hND6_sample_number_SRP254919.mh.all.v2022.1.Mm.symbols.gsea_report_for_hND6.html",
                "report/gsea/deseq2_rnaseq_gsea/treatment_mCherry_hND6_sample_number_SRP254919/mh.all.v2022.1.Mm.symbols/treatment_mCherry_hND6_sample_number_SRP254919.mh.all.v2022.1.Mm.symbols.gsea_report_for_hND6.tsv",
                "report/gsea/deseq2_rnaseq_gsea/treatment_mCherry_hND6_sample_number_SRP254919/mh.all.v2022.1.Mm.symbols/treatment_mCherry_hND6_sample_number_SRP254919.mh.all.v2022.1.Mm.symbols.gsea_report_for_mCherry.html",
                "report/gsea/deseq2_rnaseq_gsea/treatment_mCherry_hND6_sample_number_SRP254919/mh.all.v2022.1.Mm.symbols/treatment_mCherry_hND6_sample_number_SRP254919.mh.all.v2022.1.Mm.symbols.gsea_report_for_mCherry.tsv",
                "report/gsea/deseq2_rnaseq_gsea/treatment_mCherry_hND6_sample_number_SRP254919/mh.all.v2022.1.Mm.symbols/treatment_mCherry_hND6_sample_number_SRP254919.mh.all.v2022.1.Mm.symbols.gset_rnd_es_dist_5.png",
                "report/gsea/deseq2_rnaseq_gsea/treatment_mCherry_hND6_sample_number_SRP254919/mh.all.v2022.1.Mm.symbols/treatment_mCherry_hND6_sample_number_SRP254919.mh.all.v2022.1.Mm.symbols.heat_map_1.png",
                "report/gsea/deseq2_rnaseq_gsea/treatment_mCherry_hND6_sample_number_SRP254919/mh.all.v2022.1.Mm.symbols/treatment_mCherry_hND6_sample_number_SRP254919.mh.all.v2022.1.Mm.symbols.heat_map_corr_plot.html",
                "report/gsea/deseq2_rnaseq_gsea/treatment_mCherry_hND6_sample_number_SRP254919/mh.all.v2022.1.Mm.symbols/treatment_mCherry_hND6_sample_number_SRP254919.mh.all.v2022.1.Mm.symbols.index.html",
                "report/gsea/deseq2_rnaseq_gsea/treatment_mCherry_hND6_sample_number_SRP254919/mh.all.v2022.1.Mm.symbols/treatment_mCherry_hND6_sample_number_SRP254919.mh.all.v2022.1.Mm.symbols.neg_snapshot.html",
                "report/gsea/deseq2_rnaseq_gsea/treatment_mCherry_hND6_sample_number_SRP254919/mh.all.v2022.1.Mm.symbols/treatment_mCherry_hND6_sample_number_SRP254919.mh.all.v2022.1.Mm.symbols.pos_snapshot.html",
                "report/gsea/deseq2_rnaseq_gsea/treatment_mCherry_hND6_sample_number_SRP254919/mh.all.v2022.1.Mm.symbols/treatment_mCherry_hND6_sample_number_SRP254919.mh.all.v2022.1.Mm.symbols.pvalues_vs_nes_plot.png",
                "report/gsea/deseq2_rnaseq_gsea/treatment_mCherry_hND6_sample_number_SRP254919/mh.all.v2022.1.Mm.symbols/treatment_mCherry_hND6_sample_number_SRP254919.mh.all.v2022.1.Mm.symbols.ranked_gene_list_hND6_versus_mCherry.tsv",
                "report/gsea/deseq2_rnaseq_gsea/treatment_mCherry_hND6_sample_number_SRP254919/mh.all.v2022.1.Mm.symbols/treatment_mCherry_hND6_sample_number_SRP254919.mh.all.v2022.1.Mm.symbols.ranked_list_corr_2.png",
                "shinyngs_app",
                "shinyngs_app/deseq2_rnaseq_gsea",
                "shinyngs_app/deseq2_rnaseq_gsea/SRP254919",
                "shinyngs_app/deseq2_rnaseq_gsea/SRP254919/app.R",
                "shinyngs_app/deseq2_rnaseq_gsea/SRP254919/data.rds",
                "shinyngs_app/deseq2_rnaseq_gsea/versions.yml",
                "tables",
                "tables/annotation",
                "tables/annotation/deseq2_rnaseq_gsea",
                "tables/annotation/deseq2_rnaseq_gsea/SRP254919.anno.tsv",
                "tables/differential",
                "tables/differential/deseq2_rnaseq_gsea",
                "tables/differential/deseq2_rnaseq_gsea/treatment_mCherry_hND6__SRP254919.deseq2.results.tsv",
                "tables/differential/deseq2_rnaseq_gsea/treatment_mCherry_hND6__SRP254919.deseq2.results_filtered.tsv",
                "tables/differential/deseq2_rnaseq_gsea/treatment_mCherry_hND6__SRP254919_deseq2.annotated.tsv",
                "tables/differential/deseq2_rnaseq_gsea/treatment_mCherry_hND6_sample_number_SRP254919.deseq2.results.tsv",
                "tables/differential/deseq2_rnaseq_gsea/treatment_mCherry_hND6_sample_number_SRP254919.deseq2.results_filtered.tsv",
                "tables/differential/deseq2_rnaseq_gsea/treatment_mCherry_hND6_sample_number_SRP254919_deseq2.annotated.tsv",
                "tables/processed_abundance",
                "tables/processed_abundance/deseq2_rnaseq_gsea",
                "tables/processed_abundance/deseq2_rnaseq_gsea/all.normalised_counts.tsv",
                "tables/processed_abundance/deseq2_rnaseq_gsea/all.vst.tsv"
            ],
            [
                "treatment_mCherry_hND6__SRP254919.deseq2.sizefactors.tsv:md5,0703c421c53b260f91568dfc0436c054",
                "treatment_mCherry_hND6_sample_number_SRP254919.deseq2.sizefactors.tsv:md5,0703c421c53b260f91568dfc0436c054",
                "versions.yml:md5,6f272b823a1be20b80a81cc01b70e1ed",
                "versions.yml:md5,d5db8686bec50d4d783d486fc4c0899a",
                "gene_sets_treatment_mCherry_hND6__SRP254919.mh.all.v2022.1.Mm.symbols.HALLMARK_KRAS_SIGNALING_DN.tsv:md5,15fdc7f32904279db233cd39ac27f9fb",
                "gene_sets_treatment_mCherry_hND6__SRP254919.mh.all.v2022.1.Mm.symbols.Symbol_to_probe_set_mapping_details.tsv:md5,e000a1b93ebbb7eb347d9ce666fd5e26",
                "treatment_mCherry_hND6__SRP254919.mh.all.v2022.1.Mm.symbols.gene_set_sizes.tsv:md5,e3049abd72c25ff6d7cd75b14135d245",
                "treatment_mCherry_hND6__SRP254919.mh.all.v2022.1.Mm.symbols.gsea_report_for_hND6.tsv:md5,7a91e44ee3dfdba98eb2e054a59c98d7",
                "treatment_mCherry_hND6__SRP254919.mh.all.v2022.1.Mm.symbols.gsea_report_for_mCherry.tsv:md5,ce8792382ae299749445767ff16aaecc",
                "treatment_mCherry_hND6__SRP254919.mh.all.v2022.1.Mm.symbols.ranked_gene_list_hND6_versus_mCherry.tsv:md5,576a054d22917259839c97088875c47a",
                "gene_sets_treatment_mCherry_hND6_sample_number_SRP254919.mh.all.v2022.1.Mm.symbols.HALLMARK_KRAS_SIGNALING_DN.tsv:md5,15fdc7f32904279db233cd39ac27f9fb",
                "gene_sets_treatment_mCherry_hND6_sample_number_SRP254919.mh.all.v2022.1.Mm.symbols.Symbol_to_probe_set_mapping_details.tsv:md5,e000a1b93ebbb7eb347d9ce666fd5e26",
                "treatment_mCherry_hND6_sample_number_SRP254919.mh.all.v2022.1.Mm.symbols.gene_set_sizes.tsv:md5,e3049abd72c25ff6d7cd75b14135d245",
                "treatment_mCherry_hND6_sample_number_SRP254919.mh.all.v2022.1.Mm.symbols.gsea_report_for_hND6.tsv:md5,7a91e44ee3dfdba98eb2e054a59c98d7",
                "treatment_mCherry_hND6_sample_number_SRP254919.mh.all.v2022.1.Mm.symbols.gsea_report_for_mCherry.tsv:md5,ce8792382ae299749445767ff16aaecc",
                "treatment_mCherry_hND6_sample_number_SRP254919.mh.all.v2022.1.Mm.symbols.ranked_gene_list_hND6_versus_mCherry.tsv:md5,576a054d22917259839c97088875c47a",
                "app.R:md5,bedcfc45b6cdcc2b8fe3627987e2b17a",
                "versions.yml:md5,ecfaf8bd98d719aecbb445e61e36c800",
                "SRP254919.anno.tsv:md5,c1d7f21e64bd00f845ec6545c123a1fb",
                "treatment_mCherry_hND6__SRP254919.deseq2.results.tsv:md5,81ba05454e90032c619a0693f152ce4a",
                "treatment_mCherry_hND6__SRP254919.deseq2.results_filtered.tsv:md5,1c558f22f2d24aea2825e83e5a10c26a",
                "treatment_mCherry_hND6__SRP254919_deseq2.annotated.tsv:md5,870b8da7b38f772468f5a029dca63567",
                "treatment_mCherry_hND6_sample_number_SRP254919.deseq2.results.tsv:md5,38179bbcbc5f132e7dd5a4258f38bcfd",
                "treatment_mCherry_hND6_sample_number_SRP254919.deseq2.results_filtered.tsv:md5,6f847e7d62576372a4c6863e72fd2c24",
                "treatment_mCherry_hND6_sample_number_SRP254919_deseq2.annotated.tsv:md5,d977118d8c105739f9bb16141643d457",
                "all.normalised_counts.tsv:md5,98fda967dc1b27fd51655a69fd48965b",
                "all.vst.tsv:md5,8a34b415b1281ebc9af7464efc08c11f"
            ]
        ],
        "meta": {
            "nf-test": "0.9.3",
            "nextflow": "25.10.3"
        },
        "timestamp": "2026-01-30T16:14:38.96076607"
    }
}