{
    "Test soft profile": {
        "content": [
            10,
            {
                "CUSTOM_FILTERDIFFERENTIALTABLE": {
                    "pandas": "1.5.2"
                },
                "GEOQUERY_GETGEO": {
                    "r-base": "4.3.2",
                    "bioconductor-geoquery": "2.70.0"
                },
                "LIMMA_DIFFERENTIAL": {
                    "r-base": "4.3.3",
                    "bioconductor-limma": "3.58.1"
                },
                "PLOT_DIFFERENTIAL": {
                    "r-shinyngs": "2.3.0"
                },
                "PLOT_EXPLORATORY": {
                    "r-shinyngs": "2.3.0"
                },
                "SHINYNGS_APP": {
                    "r-shinyngs": "2.3.0"
                },
                "VALIDATOR": {
                    "r-shinyngs": "2.3.0"
                },
                "Workflow": {
                    "nf-core/differentialabundance": "v1.6.0dev"
                }
            },
            [
                "other",
                "other/affy",
                "other/affy/soft",
                "other/affy/soft/normalised.eset.rds",
                "other/limma",
                "other/limma/soft",
                "other/limma/soft/phenotype_uninvolved_lesional_study.MArrayLM.limma.rds",
                "other/limma/soft/phenotype_uninvolved_lesional_study.R_sessionInfo.log",
                "pipeline_info",
                "pipeline_info/collated_versions.yml",
                "pipeline_info/nf_core_differentialabundance_software_versions.yml",
                "plots",
                "plots/differential",
                "plots/differential/soft",
                "plots/differential/soft/phenotype_uninvolved_lesional_study",
                "plots/differential/soft/phenotype_uninvolved_lesional_study/png",
                "plots/differential/soft/phenotype_uninvolved_lesional_study/png/volcano.png",
                "plots/exploratory",
                "plots/exploratory/soft",
                "plots/exploratory/soft/phenotype",
                "plots/exploratory/soft/phenotype/png",
                "plots/exploratory/soft/phenotype/png/boxplot.png",
                "plots/exploratory/soft/phenotype/png/density.png",
                "plots/exploratory/soft/phenotype/png/mad_correlation.png",
                "plots/exploratory/soft/phenotype/png/pca2d.png",
                "plots/exploratory/soft/phenotype/png/pca3d.png",
                "plots/exploratory/soft/phenotype/png/sample_dendrogram.png",
                "plots/qc",
                "plots/qc/soft",
                "plots/qc/soft/phenotype_uninvolved_lesional_study.limma.mean_difference.png",
                "report",
                "report/soft",
                "report/soft/study.zip",
                "report/soft/study_differentialabundance_report.html",
                "shinyngs_app",
                "shinyngs_app/soft",
                "shinyngs_app/soft/study",
                "shinyngs_app/soft/study/app.R",
                "shinyngs_app/soft/study/data.rds",
                "tables",
                "tables/annotation",
                "tables/annotation/soft",
                "tables/annotation/soft/normalised.annotation.tsv",
                "tables/differential",
                "tables/differential/soft",
                "tables/differential/soft/phenotype_uninvolved_lesional_study.limma.results.tsv",
                "tables/differential/soft/phenotype_uninvolved_lesional_study.limma.results_filtered.tsv",
                "tables/processed_abundance",
                "tables/processed_abundance/soft",
                "tables/processed_abundance/soft/normalised.matrix.tsv"
            ],
            [
                "normalised.eset.rds:md5,ee83ece8b75d711163af9dd9300db49a",
                "app.R:md5,bedcfc45b6cdcc2b8fe3627987e2b17a",
                "normalised.annotation.tsv:md5,40300ae222ae35fa54daf10a1b86e830",
                "normalised.matrix.tsv:md5,230f87f91c0c1a7e2ab354200c4b978c"
            ]
        ],
        "meta": {
            "nf-test": "0.9.2",
            "nextflow": "25.10.4"
        },
        "timestamp": "2026-03-20T17:22:48.92960888"
    }
}