{
    "Test rnaseq limma profile": {
        "content": [
            22,
            {
                "CUSTOM_FILTERDIFFERENTIALTABLE": {
                    "pandas": "1.5.2"
                },
                "CUSTOM_TABULARTOGSEACHIP": {
                    "gawk": "5.1.0"
                },
                "CUSTOM_TABULARTOGSEACLS": {
                    "awk": "1.3.4"
                },
                "CUSTOM_TABULARTOGSEAGCT": {
                    "awk": "1.3.4"
                },
                "GSEA_GSEA": {
                    "gsea": "4.3.2"
                },
                "GTF_TO_TABLE": {
                    "atlas-gene-annotation-manipulation": "1.1.1"
                },
                "GUNZIP_GTF": {
                    "gunzip": 1.1
                },
                "LIMMA_DIFFERENTIAL": {
                    "r-base": "4.3.3",
                    "bioconductor-limma": "3.58.1"
                },
                "LIMMA_NORM": {
                    "r-base": "4.3.3",
                    "bioconductor-limma": "3.58.1"
                },
                "PLOT_DIFFERENTIAL": {
                    "r-shinyngs": "2.2.4"
                },
                "PLOT_EXPLORATORY": {
                    "r-shinyngs": "2.2.4"
                },
                "SHINYNGS_APP": {
                    "r-shinyngs": "2.2.4"
                },
                "VALIDATOR": {
                    "r-shinyngs": "2.2.4"
                },
                "Workflow": {
                    "nf-core/differentialabundance": "v1.6.0dev"
                }
            },
            [
                "other",
                "other/limma",
                "other/limma/treatment_mCherry_hND6__SRP254919.MArrayLM.limma.rds",
                "other/limma/treatment_mCherry_hND6_sample_number_SRP254919.MArrayLM.limma.rds",
                "pipeline_info",
                "pipeline_info/collated_versions.yml",
                "pipeline_info/nf_core_differentialabundance_software_versions.yml",
                "plots",
                "plots/differential",
                "plots/differential/treatment_mCherry_hND6__SRP254919",
                "plots/differential/treatment_mCherry_hND6__SRP254919/png",
                "plots/differential/treatment_mCherry_hND6__SRP254919/png/volcano.png",
                "plots/differential/treatment_mCherry_hND6_sample_number_SRP254919",
                "plots/differential/treatment_mCherry_hND6_sample_number_SRP254919/png",
                "plots/differential/treatment_mCherry_hND6_sample_number_SRP254919/png/volcano.png",
                "plots/differential/versions.yml",
                "plots/exploratory",
                "plots/exploratory/treatment",
                "plots/exploratory/treatment/png",
                "plots/exploratory/treatment/png/boxplot.png",
                "plots/exploratory/treatment/png/density.png",
                "plots/exploratory/treatment/png/mad_correlation.png",
                "plots/exploratory/treatment/png/pca2d.png",
                "plots/exploratory/treatment/png/pca3d.png",
                "plots/exploratory/treatment/png/sample_dendrogram.png",
                "plots/exploratory/versions.yml",
                "plots/qc",
                "plots/qc/treatment_mCherry_hND6__SRP254919.limma.mean_difference.png",
                "plots/qc/treatment_mCherry_hND6_sample_number_SRP254919.limma.mean_difference.png",
                "report",
                "report/SRP254919.html",
                "report/SRP254919.zip",
                "report/gsea",
                "report/gsea/treatment_mCherry_hND6__SRP254919",
                "report/gsea/treatment_mCherry_hND6__SRP254919/mh.all.v2022.1.Mm.symbols",
                "report/gsea/treatment_mCherry_hND6__SRP254919/mh.all.v2022.1.Mm.symbols/gene_sets_treatment_mCherry_hND6__SRP254919.mh.all.v2022.1.Mm.symbols.HALLMARK_KRAS_SIGNALING_DN.html",
                "report/gsea/treatment_mCherry_hND6__SRP254919/mh.all.v2022.1.Mm.symbols/gene_sets_treatment_mCherry_hND6__SRP254919.mh.all.v2022.1.Mm.symbols.HALLMARK_KRAS_SIGNALING_DN.tsv",
                "report/gsea/treatment_mCherry_hND6__SRP254919/mh.all.v2022.1.Mm.symbols/gene_sets_treatment_mCherry_hND6__SRP254919.mh.all.v2022.1.Mm.symbols.HALLMARK_KRAS_SIGNALING_DN_4.png",
                "report/gsea/treatment_mCherry_hND6__SRP254919/mh.all.v2022.1.Mm.symbols/gene_sets_treatment_mCherry_hND6__SRP254919.mh.all.v2022.1.Mm.symbols.Symbol_to_probe_set_mapping_details.tsv",
                "report/gsea/treatment_mCherry_hND6__SRP254919/mh.all.v2022.1.Mm.symbols/treatment_mCherry_hND6__SRP254919.mh.all.v2022.1.Mm.symbols.Gsea.rpt",
                "report/gsea/treatment_mCherry_hND6__SRP254919/mh.all.v2022.1.Mm.symbols/treatment_mCherry_hND6__SRP254919.mh.all.v2022.1.Mm.symbols.butterfly_plot.png",
                "report/gsea/treatment_mCherry_hND6__SRP254919/mh.all.v2022.1.Mm.symbols/treatment_mCherry_hND6__SRP254919.mh.all.v2022.1.Mm.symbols.enplot_HALLMARK_KRAS_SIGNALING_DN_3.png",
                "report/gsea/treatment_mCherry_hND6__SRP254919/mh.all.v2022.1.Mm.symbols/treatment_mCherry_hND6__SRP254919.mh.all.v2022.1.Mm.symbols.gene_set_sizes.tsv",
                "report/gsea/treatment_mCherry_hND6__SRP254919/mh.all.v2022.1.Mm.symbols/treatment_mCherry_hND6__SRP254919.mh.all.v2022.1.Mm.symbols.global_es_histogram.png",
                "report/gsea/treatment_mCherry_hND6__SRP254919/mh.all.v2022.1.Mm.symbols/treatment_mCherry_hND6__SRP254919.mh.all.v2022.1.Mm.symbols.gsea_report_for_hND6.html",
                "report/gsea/treatment_mCherry_hND6__SRP254919/mh.all.v2022.1.Mm.symbols/treatment_mCherry_hND6__SRP254919.mh.all.v2022.1.Mm.symbols.gsea_report_for_hND6.tsv",
                "report/gsea/treatment_mCherry_hND6__SRP254919/mh.all.v2022.1.Mm.symbols/treatment_mCherry_hND6__SRP254919.mh.all.v2022.1.Mm.symbols.gsea_report_for_mCherry.html",
                "report/gsea/treatment_mCherry_hND6__SRP254919/mh.all.v2022.1.Mm.symbols/treatment_mCherry_hND6__SRP254919.mh.all.v2022.1.Mm.symbols.gsea_report_for_mCherry.tsv",
                "report/gsea/treatment_mCherry_hND6__SRP254919/mh.all.v2022.1.Mm.symbols/treatment_mCherry_hND6__SRP254919.mh.all.v2022.1.Mm.symbols.gset_rnd_es_dist_5.png",
                "report/gsea/treatment_mCherry_hND6__SRP254919/mh.all.v2022.1.Mm.symbols/treatment_mCherry_hND6__SRP254919.mh.all.v2022.1.Mm.symbols.heat_map_1.png",
                "report/gsea/treatment_mCherry_hND6__SRP254919/mh.all.v2022.1.Mm.symbols/treatment_mCherry_hND6__SRP254919.mh.all.v2022.1.Mm.symbols.heat_map_corr_plot.html",
                "report/gsea/treatment_mCherry_hND6__SRP254919/mh.all.v2022.1.Mm.symbols/treatment_mCherry_hND6__SRP254919.mh.all.v2022.1.Mm.symbols.index.html",
                "report/gsea/treatment_mCherry_hND6__SRP254919/mh.all.v2022.1.Mm.symbols/treatment_mCherry_hND6__SRP254919.mh.all.v2022.1.Mm.symbols.neg_snapshot.html",
                "report/gsea/treatment_mCherry_hND6__SRP254919/mh.all.v2022.1.Mm.symbols/treatment_mCherry_hND6__SRP254919.mh.all.v2022.1.Mm.symbols.pos_snapshot.html",
                "report/gsea/treatment_mCherry_hND6__SRP254919/mh.all.v2022.1.Mm.symbols/treatment_mCherry_hND6__SRP254919.mh.all.v2022.1.Mm.symbols.pvalues_vs_nes_plot.png",
                "report/gsea/treatment_mCherry_hND6__SRP254919/mh.all.v2022.1.Mm.symbols/treatment_mCherry_hND6__SRP254919.mh.all.v2022.1.Mm.symbols.ranked_gene_list_hND6_versus_mCherry.tsv",
                "report/gsea/treatment_mCherry_hND6__SRP254919/mh.all.v2022.1.Mm.symbols/treatment_mCherry_hND6__SRP254919.mh.all.v2022.1.Mm.symbols.ranked_list_corr_2.png",
                "report/gsea/treatment_mCherry_hND6_sample_number_SRP254919",
                "report/gsea/treatment_mCherry_hND6_sample_number_SRP254919/mh.all.v2022.1.Mm.symbols",
                "report/gsea/treatment_mCherry_hND6_sample_number_SRP254919/mh.all.v2022.1.Mm.symbols/gene_sets_treatment_mCherry_hND6_sample_number_SRP254919.mh.all.v2022.1.Mm.symbols.HALLMARK_KRAS_SIGNALING_DN.html",
                "report/gsea/treatment_mCherry_hND6_sample_number_SRP254919/mh.all.v2022.1.Mm.symbols/gene_sets_treatment_mCherry_hND6_sample_number_SRP254919.mh.all.v2022.1.Mm.symbols.HALLMARK_KRAS_SIGNALING_DN.tsv",
                "report/gsea/treatment_mCherry_hND6_sample_number_SRP254919/mh.all.v2022.1.Mm.symbols/gene_sets_treatment_mCherry_hND6_sample_number_SRP254919.mh.all.v2022.1.Mm.symbols.HALLMARK_KRAS_SIGNALING_DN_4.png",
                "report/gsea/treatment_mCherry_hND6_sample_number_SRP254919/mh.all.v2022.1.Mm.symbols/gene_sets_treatment_mCherry_hND6_sample_number_SRP254919.mh.all.v2022.1.Mm.symbols.Symbol_to_probe_set_mapping_details.tsv",
                "report/gsea/treatment_mCherry_hND6_sample_number_SRP254919/mh.all.v2022.1.Mm.symbols/treatment_mCherry_hND6_sample_number_SRP254919.mh.all.v2022.1.Mm.symbols.Gsea.rpt",
                "report/gsea/treatment_mCherry_hND6_sample_number_SRP254919/mh.all.v2022.1.Mm.symbols/treatment_mCherry_hND6_sample_number_SRP254919.mh.all.v2022.1.Mm.symbols.butterfly_plot.png",
                "report/gsea/treatment_mCherry_hND6_sample_number_SRP254919/mh.all.v2022.1.Mm.symbols/treatment_mCherry_hND6_sample_number_SRP254919.mh.all.v2022.1.Mm.symbols.enplot_HALLMARK_KRAS_SIGNALING_DN_3.png",
                "report/gsea/treatment_mCherry_hND6_sample_number_SRP254919/mh.all.v2022.1.Mm.symbols/treatment_mCherry_hND6_sample_number_SRP254919.mh.all.v2022.1.Mm.symbols.gene_set_sizes.tsv",
                "report/gsea/treatment_mCherry_hND6_sample_number_SRP254919/mh.all.v2022.1.Mm.symbols/treatment_mCherry_hND6_sample_number_SRP254919.mh.all.v2022.1.Mm.symbols.global_es_histogram.png",
                "report/gsea/treatment_mCherry_hND6_sample_number_SRP254919/mh.all.v2022.1.Mm.symbols/treatment_mCherry_hND6_sample_number_SRP254919.mh.all.v2022.1.Mm.symbols.gsea_report_for_hND6.html",
                "report/gsea/treatment_mCherry_hND6_sample_number_SRP254919/mh.all.v2022.1.Mm.symbols/treatment_mCherry_hND6_sample_number_SRP254919.mh.all.v2022.1.Mm.symbols.gsea_report_for_hND6.tsv",
                "report/gsea/treatment_mCherry_hND6_sample_number_SRP254919/mh.all.v2022.1.Mm.symbols/treatment_mCherry_hND6_sample_number_SRP254919.mh.all.v2022.1.Mm.symbols.gsea_report_for_mCherry.html",
                "report/gsea/treatment_mCherry_hND6_sample_number_SRP254919/mh.all.v2022.1.Mm.symbols/treatment_mCherry_hND6_sample_number_SRP254919.mh.all.v2022.1.Mm.symbols.gsea_report_for_mCherry.tsv",
                "report/gsea/treatment_mCherry_hND6_sample_number_SRP254919/mh.all.v2022.1.Mm.symbols/treatment_mCherry_hND6_sample_number_SRP254919.mh.all.v2022.1.Mm.symbols.gset_rnd_es_dist_5.png",
                "report/gsea/treatment_mCherry_hND6_sample_number_SRP254919/mh.all.v2022.1.Mm.symbols/treatment_mCherry_hND6_sample_number_SRP254919.mh.all.v2022.1.Mm.symbols.heat_map_1.png",
                "report/gsea/treatment_mCherry_hND6_sample_number_SRP254919/mh.all.v2022.1.Mm.symbols/treatment_mCherry_hND6_sample_number_SRP254919.mh.all.v2022.1.Mm.symbols.heat_map_corr_plot.html",
                "report/gsea/treatment_mCherry_hND6_sample_number_SRP254919/mh.all.v2022.1.Mm.symbols/treatment_mCherry_hND6_sample_number_SRP254919.mh.all.v2022.1.Mm.symbols.index.html",
                "report/gsea/treatment_mCherry_hND6_sample_number_SRP254919/mh.all.v2022.1.Mm.symbols/treatment_mCherry_hND6_sample_number_SRP254919.mh.all.v2022.1.Mm.symbols.neg_snapshot.html",
                "report/gsea/treatment_mCherry_hND6_sample_number_SRP254919/mh.all.v2022.1.Mm.symbols/treatment_mCherry_hND6_sample_number_SRP254919.mh.all.v2022.1.Mm.symbols.pos_snapshot.html",
                "report/gsea/treatment_mCherry_hND6_sample_number_SRP254919/mh.all.v2022.1.Mm.symbols/treatment_mCherry_hND6_sample_number_SRP254919.mh.all.v2022.1.Mm.symbols.pvalues_vs_nes_plot.png",
                "report/gsea/treatment_mCherry_hND6_sample_number_SRP254919/mh.all.v2022.1.Mm.symbols/treatment_mCherry_hND6_sample_number_SRP254919.mh.all.v2022.1.Mm.symbols.ranked_gene_list_hND6_versus_mCherry.tsv",
                "report/gsea/treatment_mCherry_hND6_sample_number_SRP254919/mh.all.v2022.1.Mm.symbols/treatment_mCherry_hND6_sample_number_SRP254919.mh.all.v2022.1.Mm.symbols.ranked_list_corr_2.png",
                "shinyngs_app",
                "shinyngs_app/SRP254919",
                "shinyngs_app/SRP254919/app.R",
                "shinyngs_app/SRP254919/data.rds",
                "shinyngs_app/versions.yml",
                "tables",
                "tables/annotation",
                "tables/annotation/SRP254919.anno.tsv",
                "tables/differential",
                "tables/differential/treatment_mCherry_hND6__SRP254919.limma.results.tsv",
                "tables/differential/treatment_mCherry_hND6__SRP254919.limma.results_filtered.tsv",
                "tables/differential/treatment_mCherry_hND6_sample_number_SRP254919.limma.results.tsv",
                "tables/differential/treatment_mCherry_hND6_sample_number_SRP254919.limma.results_filtered.tsv",
                "tables/processed_abundance",
                "tables/processed_abundance/all.normalised_counts.tsv"
            ],
            [
                "versions.yml:md5,225ced8832439345efa781c726cf2e5c",
                "versions.yml:md5,d5f6ad8fe6242dcd75bc62b654d1d211",
                "gene_sets_treatment_mCherry_hND6__SRP254919.mh.all.v2022.1.Mm.symbols.HALLMARK_KRAS_SIGNALING_DN.tsv:md5,95973aeca4524d8f53346f434f7f819a",
                "gene_sets_treatment_mCherry_hND6__SRP254919.mh.all.v2022.1.Mm.symbols.Symbol_to_probe_set_mapping_details.tsv:md5,e000a1b93ebbb7eb347d9ce666fd5e26",
                "treatment_mCherry_hND6__SRP254919.mh.all.v2022.1.Mm.symbols.gene_set_sizes.tsv:md5,e3049abd72c25ff6d7cd75b14135d245",
                "treatment_mCherry_hND6__SRP254919.mh.all.v2022.1.Mm.symbols.gsea_report_for_hND6.tsv:md5,89be43ef72d83fed4966a82b40540710",
                "treatment_mCherry_hND6__SRP254919.mh.all.v2022.1.Mm.symbols.gsea_report_for_mCherry.tsv:md5,ce8792382ae299749445767ff16aaecc",
                "treatment_mCherry_hND6__SRP254919.mh.all.v2022.1.Mm.symbols.ranked_gene_list_hND6_versus_mCherry.tsv:md5,d03318a51f4742890c239f8119ea4040",
                "gene_sets_treatment_mCherry_hND6_sample_number_SRP254919.mh.all.v2022.1.Mm.symbols.HALLMARK_KRAS_SIGNALING_DN.tsv:md5,95973aeca4524d8f53346f434f7f819a",
                "gene_sets_treatment_mCherry_hND6_sample_number_SRP254919.mh.all.v2022.1.Mm.symbols.Symbol_to_probe_set_mapping_details.tsv:md5,e000a1b93ebbb7eb347d9ce666fd5e26",
                "treatment_mCherry_hND6_sample_number_SRP254919.mh.all.v2022.1.Mm.symbols.gene_set_sizes.tsv:md5,e3049abd72c25ff6d7cd75b14135d245",
                "treatment_mCherry_hND6_sample_number_SRP254919.mh.all.v2022.1.Mm.symbols.gsea_report_for_hND6.tsv:md5,89be43ef72d83fed4966a82b40540710",
                "treatment_mCherry_hND6_sample_number_SRP254919.mh.all.v2022.1.Mm.symbols.gsea_report_for_mCherry.tsv:md5,ce8792382ae299749445767ff16aaecc",
                "treatment_mCherry_hND6_sample_number_SRP254919.mh.all.v2022.1.Mm.symbols.ranked_gene_list_hND6_versus_mCherry.tsv:md5,d03318a51f4742890c239f8119ea4040",
                "app.R:md5,bedcfc45b6cdcc2b8fe3627987e2b17a",
                "versions.yml:md5,b3436c10ff83d0dab55060de3cae3ef2",
                "SRP254919.anno.tsv:md5,c1d7f21e64bd00f845ec6545c123a1fb",
                "all.normalised_counts.tsv:md5,534f0f37e10325163656cad95418f34a"
            ]
        ],
        "meta": {
            "nf-test": "0.9.2",
            "nextflow": "25.04.6"
        },
        "timestamp": "2025-09-19T09:16:03.890601885"
    },
    "Test rnaseq limma profile - with formula and complex contrasts": {
        "content": [
            25,
            {
                "CUSTOM_FILTERDIFFERENTIALTABLE": {
                    "pandas": "1.5.2"
                },
                "CUSTOM_TABULARTOGSEACHIP": {
                    "gawk": "5.1.0"
                },
                "CUSTOM_TABULARTOGSEACLS": {
                    "awk": "1.3.4"
                },
                "CUSTOM_TABULARTOGSEAGCT": {
                    "awk": "1.3.4"
                },
                "GSEA_GSEA": {
                    "gsea": "4.3.2"
                },
                "GTF_TO_TABLE": {
                    "atlas-gene-annotation-manipulation": "1.1.1"
                },
                "GUNZIP_GTF": {
                    "gunzip": 1.1
                },
                "LIMMA_DIFFERENTIAL": {
                    "r-base": "4.3.3",
                    "bioconductor-limma": "3.58.1"
                },
                "LIMMA_NORM": {
                    "r-base": "4.3.3",
                    "bioconductor-limma": "3.58.1"
                },
                "PLOT_DIFFERENTIAL": {
                    "r-shinyngs": "2.2.4"
                },
                "PLOT_EXPLORATORY": {
                    "r-shinyngs": "2.2.4"
                },
                "SHINYNGS_APP": {
                    "r-shinyngs": "2.2.4"
                },
                "VALIDATOR": {
                    "r-shinyngs": "2.2.4"
                },
                "Workflow": {
                    "nf-core/differentialabundance": "v1.6.0dev"
                }
            },
            [
                "other",
                "other/limma",
                "other/limma/full_model_with_interactions_SRP254919.MArrayLM.limma.rds",
                "other/limma/interaction_genotype_treatment_SRP254919.MArrayLM.limma.rds",
                "other/limma/treatment_effect_classic_comparison_SRP254919.MArrayLM.limma.rds",
                "other/limma/treatment_plus_genotype_SRP254919.MArrayLM.limma.rds",
                "pipeline_info",
                "pipeline_info/collated_versions.yml",
                "pipeline_info/nf_core_differentialabundance_software_versions.yml",
                "plots",
                "plots/differential",
                "plots/differential/full_model_with_interactions_SRP254919",
                "plots/differential/full_model_with_interactions_SRP254919/png",
                "plots/differential/full_model_with_interactions_SRP254919/png/volcano.png",
                "plots/differential/interaction_genotype_treatment_SRP254919",
                "plots/differential/interaction_genotype_treatment_SRP254919/png",
                "plots/differential/interaction_genotype_treatment_SRP254919/png/volcano.png",
                "plots/differential/treatment_effect_classic_comparison_SRP254919",
                "plots/differential/treatment_effect_classic_comparison_SRP254919/png",
                "plots/differential/treatment_effect_classic_comparison_SRP254919/png/volcano.png",
                "plots/differential/treatment_plus_genotype_SRP254919",
                "plots/differential/treatment_plus_genotype_SRP254919/png",
                "plots/differential/treatment_plus_genotype_SRP254919/png/volcano.png",
                "plots/differential/versions.yml",
                "plots/exploratory",
                "plots/exploratory/treatment",
                "plots/exploratory/treatment/png",
                "plots/exploratory/treatment/png/boxplot.png",
                "plots/exploratory/treatment/png/density.png",
                "plots/exploratory/treatment/png/mad_correlation.png",
                "plots/exploratory/treatment/png/pca2d.png",
                "plots/exploratory/treatment/png/pca3d.png",
                "plots/exploratory/treatment/png/sample_dendrogram.png",
                "plots/exploratory/versions.yml",
                "plots/qc",
                "plots/qc/full_model_with_interactions_SRP254919.limma.mean_difference.png",
                "plots/qc/interaction_genotype_treatment_SRP254919.limma.mean_difference.png",
                "plots/qc/treatment_effect_classic_comparison_SRP254919.limma.mean_difference.png",
                "plots/qc/treatment_plus_genotype_SRP254919.limma.mean_difference.png",
                "report",
                "report/SRP254919.html",
                "report/SRP254919.zip",
                "report/gsea",
                "report/gsea/treatment_effect_classic_comparison_SRP254919",
                "report/gsea/treatment_effect_classic_comparison_SRP254919/mh.all.v2022.1.Mm.symbols",
                "report/gsea/treatment_effect_classic_comparison_SRP254919/mh.all.v2022.1.Mm.symbols/gene_sets_treatment_effect_classic_comparison_SRP254919.mh.all.v2022.1.Mm.symbols.HALLMARK_ADIPOGENESIS.html",
                "report/gsea/treatment_effect_classic_comparison_SRP254919/mh.all.v2022.1.Mm.symbols/gene_sets_treatment_effect_classic_comparison_SRP254919.mh.all.v2022.1.Mm.symbols.HALLMARK_ADIPOGENESIS.tsv",
                "report/gsea/treatment_effect_classic_comparison_SRP254919/mh.all.v2022.1.Mm.symbols/gene_sets_treatment_effect_classic_comparison_SRP254919.mh.all.v2022.1.Mm.symbols.HALLMARK_ADIPOGENESIS_13.png",
                "report/gsea/treatment_effect_classic_comparison_SRP254919/mh.all.v2022.1.Mm.symbols/gene_sets_treatment_effect_classic_comparison_SRP254919.mh.all.v2022.1.Mm.symbols.HALLMARK_ALLOGRAFT_REJECTION.html",
                "report/gsea/treatment_effect_classic_comparison_SRP254919/mh.all.v2022.1.Mm.symbols/gene_sets_treatment_effect_classic_comparison_SRP254919.mh.all.v2022.1.Mm.symbols.HALLMARK_ALLOGRAFT_REJECTION.tsv",
                "report/gsea/treatment_effect_classic_comparison_SRP254919/mh.all.v2022.1.Mm.symbols/gene_sets_treatment_effect_classic_comparison_SRP254919.mh.all.v2022.1.Mm.symbols.HALLMARK_ALLOGRAFT_REJECTION_115.png",
                "report/gsea/treatment_effect_classic_comparison_SRP254919/mh.all.v2022.1.Mm.symbols/gene_sets_treatment_effect_classic_comparison_SRP254919.mh.all.v2022.1.Mm.symbols.HALLMARK_ANDROGEN_RESPONSE.html",
                "report/gsea/treatment_effect_classic_comparison_SRP254919/mh.all.v2022.1.Mm.symbols/gene_sets_treatment_effect_classic_comparison_SRP254919.mh.all.v2022.1.Mm.symbols.HALLMARK_ANDROGEN_RESPONSE.tsv",
                "report/gsea/treatment_effect_classic_comparison_SRP254919/mh.all.v2022.1.Mm.symbols/gene_sets_treatment_effect_classic_comparison_SRP254919.mh.all.v2022.1.Mm.symbols.HALLMARK_ANDROGEN_RESPONSE_112.png",
                "report/gsea/treatment_effect_classic_comparison_SRP254919/mh.all.v2022.1.Mm.symbols/gene_sets_treatment_effect_classic_comparison_SRP254919.mh.all.v2022.1.Mm.symbols.HALLMARK_ANGIOGENESIS.html",
                "report/gsea/treatment_effect_classic_comparison_SRP254919/mh.all.v2022.1.Mm.symbols/gene_sets_treatment_effect_classic_comparison_SRP254919.mh.all.v2022.1.Mm.symbols.HALLMARK_ANGIOGENESIS.tsv",
                "report/gsea/treatment_effect_classic_comparison_SRP254919/mh.all.v2022.1.Mm.symbols/gene_sets_treatment_effect_classic_comparison_SRP254919.mh.all.v2022.1.Mm.symbols.HALLMARK_ANGIOGENESIS_31.png",
                "report/gsea/treatment_effect_classic_comparison_SRP254919/mh.all.v2022.1.Mm.symbols/gene_sets_treatment_effect_classic_comparison_SRP254919.mh.all.v2022.1.Mm.symbols.HALLMARK_APICAL_JUNCTION.html",
                "report/gsea/treatment_effect_classic_comparison_SRP254919/mh.all.v2022.1.Mm.symbols/gene_sets_treatment_effect_classic_comparison_SRP254919.mh.all.v2022.1.Mm.symbols.HALLMARK_APICAL_JUNCTION.tsv",
                "report/gsea/treatment_effect_classic_comparison_SRP254919/mh.all.v2022.1.Mm.symbols/gene_sets_treatment_effect_classic_comparison_SRP254919.mh.all.v2022.1.Mm.symbols.HALLMARK_APICAL_JUNCTION_97.png",
                "report/gsea/treatment_effect_classic_comparison_SRP254919/mh.all.v2022.1.Mm.symbols/gene_sets_treatment_effect_classic_comparison_SRP254919.mh.all.v2022.1.Mm.symbols.HALLMARK_BILE_ACID_METABOLISM.html",
                "report/gsea/treatment_effect_classic_comparison_SRP254919/mh.all.v2022.1.Mm.symbols/gene_sets_treatment_effect_classic_comparison_SRP254919.mh.all.v2022.1.Mm.symbols.HALLMARK_BILE_ACID_METABOLISM.tsv",
                "report/gsea/treatment_effect_classic_comparison_SRP254919/mh.all.v2022.1.Mm.symbols/gene_sets_treatment_effect_classic_comparison_SRP254919.mh.all.v2022.1.Mm.symbols.HALLMARK_BILE_ACID_METABOLISM_25.png",
                "report/gsea/treatment_effect_classic_comparison_SRP254919/mh.all.v2022.1.Mm.symbols/gene_sets_treatment_effect_classic_comparison_SRP254919.mh.all.v2022.1.Mm.symbols.HALLMARK_CHOLESTEROL_HOMEOSTASIS.html",
                "report/gsea/treatment_effect_classic_comparison_SRP254919/mh.all.v2022.1.Mm.symbols/gene_sets_treatment_effect_classic_comparison_SRP254919.mh.all.v2022.1.Mm.symbols.HALLMARK_CHOLESTEROL_HOMEOSTASIS.tsv",
                "report/gsea/treatment_effect_classic_comparison_SRP254919/mh.all.v2022.1.Mm.symbols/gene_sets_treatment_effect_classic_comparison_SRP254919.mh.all.v2022.1.Mm.symbols.HALLMARK_CHOLESTEROL_HOMEOSTASIS_64.png",
                "report/gsea/treatment_effect_classic_comparison_SRP254919/mh.all.v2022.1.Mm.symbols/gene_sets_treatment_effect_classic_comparison_SRP254919.mh.all.v2022.1.Mm.symbols.HALLMARK_COAGULATION.html",
                "report/gsea/treatment_effect_classic_comparison_SRP254919/mh.all.v2022.1.Mm.symbols/gene_sets_treatment_effect_classic_comparison_SRP254919.mh.all.v2022.1.Mm.symbols.HALLMARK_COAGULATION.tsv",
                "report/gsea/treatment_effect_classic_comparison_SRP254919/mh.all.v2022.1.Mm.symbols/gene_sets_treatment_effect_classic_comparison_SRP254919.mh.all.v2022.1.Mm.symbols.HALLMARK_COAGULATION_16.png",
                "report/gsea/treatment_effect_classic_comparison_SRP254919/mh.all.v2022.1.Mm.symbols/gene_sets_treatment_effect_classic_comparison_SRP254919.mh.all.v2022.1.Mm.symbols.HALLMARK_COMPLEMENT.html",
                "report/gsea/treatment_effect_classic_comparison_SRP254919/mh.all.v2022.1.Mm.symbols/gene_sets_treatment_effect_classic_comparison_SRP254919.mh.all.v2022.1.Mm.symbols.HALLMARK_COMPLEMENT.tsv",
                "report/gsea/treatment_effect_classic_comparison_SRP254919/mh.all.v2022.1.Mm.symbols/gene_sets_treatment_effect_classic_comparison_SRP254919.mh.all.v2022.1.Mm.symbols.HALLMARK_COMPLEMENT_28.png",
                "report/gsea/treatment_effect_classic_comparison_SRP254919/mh.all.v2022.1.Mm.symbols/gene_sets_treatment_effect_classic_comparison_SRP254919.mh.all.v2022.1.Mm.symbols.HALLMARK_EPITHELIAL_MESENCHYMAL_TRANSITION.html",
                "report/gsea/treatment_effect_classic_comparison_SRP254919/mh.all.v2022.1.Mm.symbols/gene_sets_treatment_effect_classic_comparison_SRP254919.mh.all.v2022.1.Mm.symbols.HALLMARK_EPITHELIAL_MESENCHYMAL_TRANSITION.tsv",
                "report/gsea/treatment_effect_classic_comparison_SRP254919/mh.all.v2022.1.Mm.symbols/gene_sets_treatment_effect_classic_comparison_SRP254919.mh.all.v2022.1.Mm.symbols.HALLMARK_EPITHELIAL_MESENCHYMAL_TRANSITION_103.png",
                "report/gsea/treatment_effect_classic_comparison_SRP254919/mh.all.v2022.1.Mm.symbols/gene_sets_treatment_effect_classic_comparison_SRP254919.mh.all.v2022.1.Mm.symbols.HALLMARK_ESTROGEN_RESPONSE_EARLY.html",
                "report/gsea/treatment_effect_classic_comparison_SRP254919/mh.all.v2022.1.Mm.symbols/gene_sets_treatment_effect_classic_comparison_SRP254919.mh.all.v2022.1.Mm.symbols.HALLMARK_ESTROGEN_RESPONSE_EARLY.tsv",
                "report/gsea/treatment_effect_classic_comparison_SRP254919/mh.all.v2022.1.Mm.symbols/gene_sets_treatment_effect_classic_comparison_SRP254919.mh.all.v2022.1.Mm.symbols.HALLMARK_ESTROGEN_RESPONSE_EARLY_22.png",
                "report/gsea/treatment_effect_classic_comparison_SRP254919/mh.all.v2022.1.Mm.symbols/gene_sets_treatment_effect_classic_comparison_SRP254919.mh.all.v2022.1.Mm.symbols.HALLMARK_ESTROGEN_RESPONSE_LATE.html",
                "report/gsea/treatment_effect_classic_comparison_SRP254919/mh.all.v2022.1.Mm.symbols/gene_sets_treatment_effect_classic_comparison_SRP254919.mh.all.v2022.1.Mm.symbols.HALLMARK_ESTROGEN_RESPONSE_LATE.tsv",
                "report/gsea/treatment_effect_classic_comparison_SRP254919/mh.all.v2022.1.Mm.symbols/gene_sets_treatment_effect_classic_comparison_SRP254919.mh.all.v2022.1.Mm.symbols.HALLMARK_ESTROGEN_RESPONSE_LATE_49.png",
                "report/gsea/treatment_effect_classic_comparison_SRP254919/mh.all.v2022.1.Mm.symbols/gene_sets_treatment_effect_classic_comparison_SRP254919.mh.all.v2022.1.Mm.symbols.HALLMARK_FATTY_ACID_METABOLISM.html",
                "report/gsea/treatment_effect_classic_comparison_SRP254919/mh.all.v2022.1.Mm.symbols/gene_sets_treatment_effect_classic_comparison_SRP254919.mh.all.v2022.1.Mm.symbols.HALLMARK_FATTY_ACID_METABOLISM.tsv",
                "report/gsea/treatment_effect_classic_comparison_SRP254919/mh.all.v2022.1.Mm.symbols/gene_sets_treatment_effect_classic_comparison_SRP254919.mh.all.v2022.1.Mm.symbols.HALLMARK_FATTY_ACID_METABOLISM_94.png",
                "report/gsea/treatment_effect_classic_comparison_SRP254919/mh.all.v2022.1.Mm.symbols/gene_sets_treatment_effect_classic_comparison_SRP254919.mh.all.v2022.1.Mm.symbols.HALLMARK_GLYCOLYSIS.html",
                "report/gsea/treatment_effect_classic_comparison_SRP254919/mh.all.v2022.1.Mm.symbols/gene_sets_treatment_effect_classic_comparison_SRP254919.mh.all.v2022.1.Mm.symbols.HALLMARK_GLYCOLYSIS.tsv",
                "report/gsea/treatment_effect_classic_comparison_SRP254919/mh.all.v2022.1.Mm.symbols/gene_sets_treatment_effect_classic_comparison_SRP254919.mh.all.v2022.1.Mm.symbols.HALLMARK_GLYCOLYSIS_70.png",
                "report/gsea/treatment_effect_classic_comparison_SRP254919/mh.all.v2022.1.Mm.symbols/gene_sets_treatment_effect_classic_comparison_SRP254919.mh.all.v2022.1.Mm.symbols.HALLMARK_HEDGEHOG_SIGNALING.html",
                "report/gsea/treatment_effect_classic_comparison_SRP254919/mh.all.v2022.1.Mm.symbols/gene_sets_treatment_effect_classic_comparison_SRP254919.mh.all.v2022.1.Mm.symbols.HALLMARK_HEDGEHOG_SIGNALING.tsv",
                "report/gsea/treatment_effect_classic_comparison_SRP254919/mh.all.v2022.1.Mm.symbols/gene_sets_treatment_effect_classic_comparison_SRP254919.mh.all.v2022.1.Mm.symbols.HALLMARK_HEDGEHOG_SIGNALING_85.png",
                "report/gsea/treatment_effect_classic_comparison_SRP254919/mh.all.v2022.1.Mm.symbols/gene_sets_treatment_effect_classic_comparison_SRP254919.mh.all.v2022.1.Mm.symbols.HALLMARK_HEME_METABOLISM.html",
                "report/gsea/treatment_effect_classic_comparison_SRP254919/mh.all.v2022.1.Mm.symbols/gene_sets_treatment_effect_classic_comparison_SRP254919.mh.all.v2022.1.Mm.symbols.HALLMARK_HEME_METABOLISM.tsv",
                "report/gsea/treatment_effect_classic_comparison_SRP254919/mh.all.v2022.1.Mm.symbols/gene_sets_treatment_effect_classic_comparison_SRP254919.mh.all.v2022.1.Mm.symbols.HALLMARK_HEME_METABOLISM_100.png",
                "report/gsea/treatment_effect_classic_comparison_SRP254919/mh.all.v2022.1.Mm.symbols/gene_sets_treatment_effect_classic_comparison_SRP254919.mh.all.v2022.1.Mm.symbols.HALLMARK_HYPOXIA.html",
                "report/gsea/treatment_effect_classic_comparison_SRP254919/mh.all.v2022.1.Mm.symbols/gene_sets_treatment_effect_classic_comparison_SRP254919.mh.all.v2022.1.Mm.symbols.HALLMARK_HYPOXIA.tsv",
                "report/gsea/treatment_effect_classic_comparison_SRP254919/mh.all.v2022.1.Mm.symbols/gene_sets_treatment_effect_classic_comparison_SRP254919.mh.all.v2022.1.Mm.symbols.HALLMARK_HYPOXIA_88.png",
                "report/gsea/treatment_effect_classic_comparison_SRP254919/mh.all.v2022.1.Mm.symbols/gene_sets_treatment_effect_classic_comparison_SRP254919.mh.all.v2022.1.Mm.symbols.HALLMARK_IL2_STAT5_SIGNALING.html",
                "report/gsea/treatment_effect_classic_comparison_SRP254919/mh.all.v2022.1.Mm.symbols/gene_sets_treatment_effect_classic_comparison_SRP254919.mh.all.v2022.1.Mm.symbols.HALLMARK_IL2_STAT5_SIGNALING.tsv",
                "report/gsea/treatment_effect_classic_comparison_SRP254919/mh.all.v2022.1.Mm.symbols/gene_sets_treatment_effect_classic_comparison_SRP254919.mh.all.v2022.1.Mm.symbols.HALLMARK_IL2_STAT5_SIGNALING_7.png",
                "report/gsea/treatment_effect_classic_comparison_SRP254919/mh.all.v2022.1.Mm.symbols/gene_sets_treatment_effect_classic_comparison_SRP254919.mh.all.v2022.1.Mm.symbols.HALLMARK_IL6_JAK_STAT3_SIGNALING.html",
                "report/gsea/treatment_effect_classic_comparison_SRP254919/mh.all.v2022.1.Mm.symbols/gene_sets_treatment_effect_classic_comparison_SRP254919.mh.all.v2022.1.Mm.symbols.HALLMARK_IL6_JAK_STAT3_SIGNALING.tsv",
                "report/gsea/treatment_effect_classic_comparison_SRP254919/mh.all.v2022.1.Mm.symbols/gene_sets_treatment_effect_classic_comparison_SRP254919.mh.all.v2022.1.Mm.symbols.HALLMARK_IL6_JAK_STAT3_SIGNALING_43.png",
                "report/gsea/treatment_effect_classic_comparison_SRP254919/mh.all.v2022.1.Mm.symbols/gene_sets_treatment_effect_classic_comparison_SRP254919.mh.all.v2022.1.Mm.symbols.HALLMARK_INFLAMMATORY_RESPONSE.html",
                "report/gsea/treatment_effect_classic_comparison_SRP254919/mh.all.v2022.1.Mm.symbols/gene_sets_treatment_effect_classic_comparison_SRP254919.mh.all.v2022.1.Mm.symbols.HALLMARK_INFLAMMATORY_RESPONSE.tsv",
                "report/gsea/treatment_effect_classic_comparison_SRP254919/mh.all.v2022.1.Mm.symbols/gene_sets_treatment_effect_classic_comparison_SRP254919.mh.all.v2022.1.Mm.symbols.HALLMARK_INFLAMMATORY_RESPONSE_37.png",
                "report/gsea/treatment_effect_classic_comparison_SRP254919/mh.all.v2022.1.Mm.symbols/gene_sets_treatment_effect_classic_comparison_SRP254919.mh.all.v2022.1.Mm.symbols.HALLMARK_KRAS_SIGNALING_DN.html",
                "report/gsea/treatment_effect_classic_comparison_SRP254919/mh.all.v2022.1.Mm.symbols/gene_sets_treatment_effect_classic_comparison_SRP254919.mh.all.v2022.1.Mm.symbols.HALLMARK_KRAS_SIGNALING_DN.tsv",
                "report/gsea/treatment_effect_classic_comparison_SRP254919/mh.all.v2022.1.Mm.symbols/gene_sets_treatment_effect_classic_comparison_SRP254919.mh.all.v2022.1.Mm.symbols.HALLMARK_KRAS_SIGNALING_DN_82.png",
                "report/gsea/treatment_effect_classic_comparison_SRP254919/mh.all.v2022.1.Mm.symbols/gene_sets_treatment_effect_classic_comparison_SRP254919.mh.all.v2022.1.Mm.symbols.HALLMARK_KRAS_SIGNALING_UP.html",
                "report/gsea/treatment_effect_classic_comparison_SRP254919/mh.all.v2022.1.Mm.symbols/gene_sets_treatment_effect_classic_comparison_SRP254919.mh.all.v2022.1.Mm.symbols.HALLMARK_KRAS_SIGNALING_UP.tsv",
                "report/gsea/treatment_effect_classic_comparison_SRP254919/mh.all.v2022.1.Mm.symbols/gene_sets_treatment_effect_classic_comparison_SRP254919.mh.all.v2022.1.Mm.symbols.HALLMARK_KRAS_SIGNALING_UP_10.png",
                "report/gsea/treatment_effect_classic_comparison_SRP254919/mh.all.v2022.1.Mm.symbols/gene_sets_treatment_effect_classic_comparison_SRP254919.mh.all.v2022.1.Mm.symbols.HALLMARK_MTORC1_SIGNALING.html",
                "report/gsea/treatment_effect_classic_comparison_SRP254919/mh.all.v2022.1.Mm.symbols/gene_sets_treatment_effect_classic_comparison_SRP254919.mh.all.v2022.1.Mm.symbols.HALLMARK_MTORC1_SIGNALING.tsv",
                "report/gsea/treatment_effect_classic_comparison_SRP254919/mh.all.v2022.1.Mm.symbols/gene_sets_treatment_effect_classic_comparison_SRP254919.mh.all.v2022.1.Mm.symbols.HALLMARK_MTORC1_SIGNALING_73.png",
                "report/gsea/treatment_effect_classic_comparison_SRP254919/mh.all.v2022.1.Mm.symbols/gene_sets_treatment_effect_classic_comparison_SRP254919.mh.all.v2022.1.Mm.symbols.HALLMARK_MYC_TARGETS_V1.html",
                "report/gsea/treatment_effect_classic_comparison_SRP254919/mh.all.v2022.1.Mm.symbols/gene_sets_treatment_effect_classic_comparison_SRP254919.mh.all.v2022.1.Mm.symbols.HALLMARK_MYC_TARGETS_V1.tsv",
                "report/gsea/treatment_effect_classic_comparison_SRP254919/mh.all.v2022.1.Mm.symbols/gene_sets_treatment_effect_classic_comparison_SRP254919.mh.all.v2022.1.Mm.symbols.HALLMARK_MYC_TARGETS_V1_55.png",
                "report/gsea/treatment_effect_classic_comparison_SRP254919/mh.all.v2022.1.Mm.symbols/gene_sets_treatment_effect_classic_comparison_SRP254919.mh.all.v2022.1.Mm.symbols.HALLMARK_MYC_TARGETS_V2.html",
                "report/gsea/treatment_effect_classic_comparison_SRP254919/mh.all.v2022.1.Mm.symbols/gene_sets_treatment_effect_classic_comparison_SRP254919.mh.all.v2022.1.Mm.symbols.HALLMARK_MYC_TARGETS_V2.tsv",
                "report/gsea/treatment_effect_classic_comparison_SRP254919/mh.all.v2022.1.Mm.symbols/gene_sets_treatment_effect_classic_comparison_SRP254919.mh.all.v2022.1.Mm.symbols.HALLMARK_MYC_TARGETS_V2_19.png",
                "report/gsea/treatment_effect_classic_comparison_SRP254919/mh.all.v2022.1.Mm.symbols/gene_sets_treatment_effect_classic_comparison_SRP254919.mh.all.v2022.1.Mm.symbols.HALLMARK_NOTCH_SIGNALING.html",
                "report/gsea/treatment_effect_classic_comparison_SRP254919/mh.all.v2022.1.Mm.symbols/gene_sets_treatment_effect_classic_comparison_SRP254919.mh.all.v2022.1.Mm.symbols.HALLMARK_NOTCH_SIGNALING.tsv",
                "report/gsea/treatment_effect_classic_comparison_SRP254919/mh.all.v2022.1.Mm.symbols/gene_sets_treatment_effect_classic_comparison_SRP254919.mh.all.v2022.1.Mm.symbols.HALLMARK_NOTCH_SIGNALING_46.png",
                "report/gsea/treatment_effect_classic_comparison_SRP254919/mh.all.v2022.1.Mm.symbols/gene_sets_treatment_effect_classic_comparison_SRP254919.mh.all.v2022.1.Mm.symbols.HALLMARK_P53_PATHWAY.html",
                "report/gsea/treatment_effect_classic_comparison_SRP254919/mh.all.v2022.1.Mm.symbols/gene_sets_treatment_effect_classic_comparison_SRP254919.mh.all.v2022.1.Mm.symbols.HALLMARK_P53_PATHWAY.tsv",
                "report/gsea/treatment_effect_classic_comparison_SRP254919/mh.all.v2022.1.Mm.symbols/gene_sets_treatment_effect_classic_comparison_SRP254919.mh.all.v2022.1.Mm.symbols.HALLMARK_P53_PATHWAY_106.png",
                "report/gsea/treatment_effect_classic_comparison_SRP254919/mh.all.v2022.1.Mm.symbols/gene_sets_treatment_effect_classic_comparison_SRP254919.mh.all.v2022.1.Mm.symbols.HALLMARK_PANCREAS_BETA_CELLS.html",
                "report/gsea/treatment_effect_classic_comparison_SRP254919/mh.all.v2022.1.Mm.symbols/gene_sets_treatment_effect_classic_comparison_SRP254919.mh.all.v2022.1.Mm.symbols.HALLMARK_PANCREAS_BETA_CELLS.tsv",
                "report/gsea/treatment_effect_classic_comparison_SRP254919/mh.all.v2022.1.Mm.symbols/gene_sets_treatment_effect_classic_comparison_SRP254919.mh.all.v2022.1.Mm.symbols.HALLMARK_PANCREAS_BETA_CELLS_52.png",
                "report/gsea/treatment_effect_classic_comparison_SRP254919/mh.all.v2022.1.Mm.symbols/gene_sets_treatment_effect_classic_comparison_SRP254919.mh.all.v2022.1.Mm.symbols.HALLMARK_PI3K_AKT_MTOR_SIGNALING.html",
                "report/gsea/treatment_effect_classic_comparison_SRP254919/mh.all.v2022.1.Mm.symbols/gene_sets_treatment_effect_classic_comparison_SRP254919.mh.all.v2022.1.Mm.symbols.HALLMARK_PI3K_AKT_MTOR_SIGNALING.tsv",
                "report/gsea/treatment_effect_classic_comparison_SRP254919/mh.all.v2022.1.Mm.symbols/gene_sets_treatment_effect_classic_comparison_SRP254919.mh.all.v2022.1.Mm.symbols.HALLMARK_PI3K_AKT_MTOR_SIGNALING_61.png",
                "report/gsea/treatment_effect_classic_comparison_SRP254919/mh.all.v2022.1.Mm.symbols/gene_sets_treatment_effect_classic_comparison_SRP254919.mh.all.v2022.1.Mm.symbols.HALLMARK_PROTEIN_SECRETION.html",
                "report/gsea/treatment_effect_classic_comparison_SRP254919/mh.all.v2022.1.Mm.symbols/gene_sets_treatment_effect_classic_comparison_SRP254919.mh.all.v2022.1.Mm.symbols.HALLMARK_PROTEIN_SECRETION.tsv",
                "report/gsea/treatment_effect_classic_comparison_SRP254919/mh.all.v2022.1.Mm.symbols/gene_sets_treatment_effect_classic_comparison_SRP254919.mh.all.v2022.1.Mm.symbols.HALLMARK_PROTEIN_SECRETION_76.png",
                "report/gsea/treatment_effect_classic_comparison_SRP254919/mh.all.v2022.1.Mm.symbols/gene_sets_treatment_effect_classic_comparison_SRP254919.mh.all.v2022.1.Mm.symbols.HALLMARK_SPERMATOGENESIS.html",
                "report/gsea/treatment_effect_classic_comparison_SRP254919/mh.all.v2022.1.Mm.symbols/gene_sets_treatment_effect_classic_comparison_SRP254919.mh.all.v2022.1.Mm.symbols.HALLMARK_SPERMATOGENESIS.tsv",
                "report/gsea/treatment_effect_classic_comparison_SRP254919/mh.all.v2022.1.Mm.symbols/gene_sets_treatment_effect_classic_comparison_SRP254919.mh.all.v2022.1.Mm.symbols.HALLMARK_SPERMATOGENESIS_67.png",
                "report/gsea/treatment_effect_classic_comparison_SRP254919/mh.all.v2022.1.Mm.symbols/gene_sets_treatment_effect_classic_comparison_SRP254919.mh.all.v2022.1.Mm.symbols.HALLMARK_TGF_BETA_SIGNALING.html",
                "report/gsea/treatment_effect_classic_comparison_SRP254919/mh.all.v2022.1.Mm.symbols/gene_sets_treatment_effect_classic_comparison_SRP254919.mh.all.v2022.1.Mm.symbols.HALLMARK_TGF_BETA_SIGNALING.tsv",
                "report/gsea/treatment_effect_classic_comparison_SRP254919/mh.all.v2022.1.Mm.symbols/gene_sets_treatment_effect_classic_comparison_SRP254919.mh.all.v2022.1.Mm.symbols.HALLMARK_TGF_BETA_SIGNALING_91.png",
                "report/gsea/treatment_effect_classic_comparison_SRP254919/mh.all.v2022.1.Mm.symbols/gene_sets_treatment_effect_classic_comparison_SRP254919.mh.all.v2022.1.Mm.symbols.HALLMARK_TNFA_SIGNALING_VIA_NFKB.html",
                "report/gsea/treatment_effect_classic_comparison_SRP254919/mh.all.v2022.1.Mm.symbols/gene_sets_treatment_effect_classic_comparison_SRP254919.mh.all.v2022.1.Mm.symbols.HALLMARK_TNFA_SIGNALING_VIA_NFKB.tsv",
                "report/gsea/treatment_effect_classic_comparison_SRP254919/mh.all.v2022.1.Mm.symbols/gene_sets_treatment_effect_classic_comparison_SRP254919.mh.all.v2022.1.Mm.symbols.HALLMARK_TNFA_SIGNALING_VIA_NFKB_4.png",
                "report/gsea/treatment_effect_classic_comparison_SRP254919/mh.all.v2022.1.Mm.symbols/gene_sets_treatment_effect_classic_comparison_SRP254919.mh.all.v2022.1.Mm.symbols.HALLMARK_UNFOLDED_PROTEIN_RESPONSE.html",
                "report/gsea/treatment_effect_classic_comparison_SRP254919/mh.all.v2022.1.Mm.symbols/gene_sets_treatment_effect_classic_comparison_SRP254919.mh.all.v2022.1.Mm.symbols.HALLMARK_UNFOLDED_PROTEIN_RESPONSE.tsv",
                "report/gsea/treatment_effect_classic_comparison_SRP254919/mh.all.v2022.1.Mm.symbols/gene_sets_treatment_effect_classic_comparison_SRP254919.mh.all.v2022.1.Mm.symbols.HALLMARK_UNFOLDED_PROTEIN_RESPONSE_79.png",
                "report/gsea/treatment_effect_classic_comparison_SRP254919/mh.all.v2022.1.Mm.symbols/gene_sets_treatment_effect_classic_comparison_SRP254919.mh.all.v2022.1.Mm.symbols.HALLMARK_UV_RESPONSE_DN.html",
                "report/gsea/treatment_effect_classic_comparison_SRP254919/mh.all.v2022.1.Mm.symbols/gene_sets_treatment_effect_classic_comparison_SRP254919.mh.all.v2022.1.Mm.symbols.HALLMARK_UV_RESPONSE_DN.tsv",
                "report/gsea/treatment_effect_classic_comparison_SRP254919/mh.all.v2022.1.Mm.symbols/gene_sets_treatment_effect_classic_comparison_SRP254919.mh.all.v2022.1.Mm.symbols.HALLMARK_UV_RESPONSE_DN_109.png",
                "report/gsea/treatment_effect_classic_comparison_SRP254919/mh.all.v2022.1.Mm.symbols/gene_sets_treatment_effect_classic_comparison_SRP254919.mh.all.v2022.1.Mm.symbols.HALLMARK_UV_RESPONSE_UP.html",
                "report/gsea/treatment_effect_classic_comparison_SRP254919/mh.all.v2022.1.Mm.symbols/gene_sets_treatment_effect_classic_comparison_SRP254919.mh.all.v2022.1.Mm.symbols.HALLMARK_UV_RESPONSE_UP.tsv",
                "report/gsea/treatment_effect_classic_comparison_SRP254919/mh.all.v2022.1.Mm.symbols/gene_sets_treatment_effect_classic_comparison_SRP254919.mh.all.v2022.1.Mm.symbols.HALLMARK_UV_RESPONSE_UP_40.png",
                "report/gsea/treatment_effect_classic_comparison_SRP254919/mh.all.v2022.1.Mm.symbols/gene_sets_treatment_effect_classic_comparison_SRP254919.mh.all.v2022.1.Mm.symbols.HALLMARK_WNT_BETA_CATENIN_SIGNALING.html",
                "report/gsea/treatment_effect_classic_comparison_SRP254919/mh.all.v2022.1.Mm.symbols/gene_sets_treatment_effect_classic_comparison_SRP254919.mh.all.v2022.1.Mm.symbols.HALLMARK_WNT_BETA_CATENIN_SIGNALING.tsv",
                "report/gsea/treatment_effect_classic_comparison_SRP254919/mh.all.v2022.1.Mm.symbols/gene_sets_treatment_effect_classic_comparison_SRP254919.mh.all.v2022.1.Mm.symbols.HALLMARK_WNT_BETA_CATENIN_SIGNALING_58.png",
                "report/gsea/treatment_effect_classic_comparison_SRP254919/mh.all.v2022.1.Mm.symbols/gene_sets_treatment_effect_classic_comparison_SRP254919.mh.all.v2022.1.Mm.symbols.HALLMARK_XENOBIOTIC_METABOLISM.html",
                "report/gsea/treatment_effect_classic_comparison_SRP254919/mh.all.v2022.1.Mm.symbols/gene_sets_treatment_effect_classic_comparison_SRP254919.mh.all.v2022.1.Mm.symbols.HALLMARK_XENOBIOTIC_METABOLISM.tsv",
                "report/gsea/treatment_effect_classic_comparison_SRP254919/mh.all.v2022.1.Mm.symbols/gene_sets_treatment_effect_classic_comparison_SRP254919.mh.all.v2022.1.Mm.symbols.HALLMARK_XENOBIOTIC_METABOLISM_34.png",
                "report/gsea/treatment_effect_classic_comparison_SRP254919/mh.all.v2022.1.Mm.symbols/gene_sets_treatment_effect_classic_comparison_SRP254919.mh.all.v2022.1.Mm.symbols.Symbol_to_probe_set_mapping_details.tsv",
                "report/gsea/treatment_effect_classic_comparison_SRP254919/mh.all.v2022.1.Mm.symbols/treatment_effect_classic_comparison_SRP254919.mh.all.v2022.1.Mm.symbols.Gsea.rpt",
                "report/gsea/treatment_effect_classic_comparison_SRP254919/mh.all.v2022.1.Mm.symbols/treatment_effect_classic_comparison_SRP254919.mh.all.v2022.1.Mm.symbols.butterfly_plot.png",
                "report/gsea/treatment_effect_classic_comparison_SRP254919/mh.all.v2022.1.Mm.symbols/treatment_effect_classic_comparison_SRP254919.mh.all.v2022.1.Mm.symbols.enplot_HALLMARK_ADIPOGENESIS_12.png",
                "report/gsea/treatment_effect_classic_comparison_SRP254919/mh.all.v2022.1.Mm.symbols/treatment_effect_classic_comparison_SRP254919.mh.all.v2022.1.Mm.symbols.enplot_HALLMARK_ALLOGRAFT_REJECTION_114.png",
                "report/gsea/treatment_effect_classic_comparison_SRP254919/mh.all.v2022.1.Mm.symbols/treatment_effect_classic_comparison_SRP254919.mh.all.v2022.1.Mm.symbols.enplot_HALLMARK_ANDROGEN_RESPONSE_111.png",
                "report/gsea/treatment_effect_classic_comparison_SRP254919/mh.all.v2022.1.Mm.symbols/treatment_effect_classic_comparison_SRP254919.mh.all.v2022.1.Mm.symbols.enplot_HALLMARK_ANGIOGENESIS_30.png",
                "report/gsea/treatment_effect_classic_comparison_SRP254919/mh.all.v2022.1.Mm.symbols/treatment_effect_classic_comparison_SRP254919.mh.all.v2022.1.Mm.symbols.enplot_HALLMARK_APICAL_JUNCTION_96.png",
                "report/gsea/treatment_effect_classic_comparison_SRP254919/mh.all.v2022.1.Mm.symbols/treatment_effect_classic_comparison_SRP254919.mh.all.v2022.1.Mm.symbols.enplot_HALLMARK_BILE_ACID_METABOLISM_24.png",
                "report/gsea/treatment_effect_classic_comparison_SRP254919/mh.all.v2022.1.Mm.symbols/treatment_effect_classic_comparison_SRP254919.mh.all.v2022.1.Mm.symbols.enplot_HALLMARK_CHOLESTEROL_HOMEOSTASIS_63.png",
                "report/gsea/treatment_effect_classic_comparison_SRP254919/mh.all.v2022.1.Mm.symbols/treatment_effect_classic_comparison_SRP254919.mh.all.v2022.1.Mm.symbols.enplot_HALLMARK_COAGULATION_15.png",
                "report/gsea/treatment_effect_classic_comparison_SRP254919/mh.all.v2022.1.Mm.symbols/treatment_effect_classic_comparison_SRP254919.mh.all.v2022.1.Mm.symbols.enplot_HALLMARK_COMPLEMENT_27.png",
                "report/gsea/treatment_effect_classic_comparison_SRP254919/mh.all.v2022.1.Mm.symbols/treatment_effect_classic_comparison_SRP254919.mh.all.v2022.1.Mm.symbols.enplot_HALLMARK_EPITHELIAL_MESENCHYMAL_TRANSITION_102.png",
                "report/gsea/treatment_effect_classic_comparison_SRP254919/mh.all.v2022.1.Mm.symbols/treatment_effect_classic_comparison_SRP254919.mh.all.v2022.1.Mm.symbols.enplot_HALLMARK_ESTROGEN_RESPONSE_EARLY_21.png",
                "report/gsea/treatment_effect_classic_comparison_SRP254919/mh.all.v2022.1.Mm.symbols/treatment_effect_classic_comparison_SRP254919.mh.all.v2022.1.Mm.symbols.enplot_HALLMARK_ESTROGEN_RESPONSE_LATE_48.png",
                "report/gsea/treatment_effect_classic_comparison_SRP254919/mh.all.v2022.1.Mm.symbols/treatment_effect_classic_comparison_SRP254919.mh.all.v2022.1.Mm.symbols.enplot_HALLMARK_FATTY_ACID_METABOLISM_93.png",
                "report/gsea/treatment_effect_classic_comparison_SRP254919/mh.all.v2022.1.Mm.symbols/treatment_effect_classic_comparison_SRP254919.mh.all.v2022.1.Mm.symbols.enplot_HALLMARK_GLYCOLYSIS_69.png",
                "report/gsea/treatment_effect_classic_comparison_SRP254919/mh.all.v2022.1.Mm.symbols/treatment_effect_classic_comparison_SRP254919.mh.all.v2022.1.Mm.symbols.enplot_HALLMARK_HEDGEHOG_SIGNALING_84.png",
                "report/gsea/treatment_effect_classic_comparison_SRP254919/mh.all.v2022.1.Mm.symbols/treatment_effect_classic_comparison_SRP254919.mh.all.v2022.1.Mm.symbols.enplot_HALLMARK_HEME_METABOLISM_99.png",
                "report/gsea/treatment_effect_classic_comparison_SRP254919/mh.all.v2022.1.Mm.symbols/treatment_effect_classic_comparison_SRP254919.mh.all.v2022.1.Mm.symbols.enplot_HALLMARK_HYPOXIA_87.png",
                "report/gsea/treatment_effect_classic_comparison_SRP254919/mh.all.v2022.1.Mm.symbols/treatment_effect_classic_comparison_SRP254919.mh.all.v2022.1.Mm.symbols.enplot_HALLMARK_IL2_STAT5_SIGNALING_6.png",
                "report/gsea/treatment_effect_classic_comparison_SRP254919/mh.all.v2022.1.Mm.symbols/treatment_effect_classic_comparison_SRP254919.mh.all.v2022.1.Mm.symbols.enplot_HALLMARK_IL6_JAK_STAT3_SIGNALING_42.png",
                "report/gsea/treatment_effect_classic_comparison_SRP254919/mh.all.v2022.1.Mm.symbols/treatment_effect_classic_comparison_SRP254919.mh.all.v2022.1.Mm.symbols.enplot_HALLMARK_INFLAMMATORY_RESPONSE_36.png",
                "report/gsea/treatment_effect_classic_comparison_SRP254919/mh.all.v2022.1.Mm.symbols/treatment_effect_classic_comparison_SRP254919.mh.all.v2022.1.Mm.symbols.enplot_HALLMARK_KRAS_SIGNALING_DN_81.png",
                "report/gsea/treatment_effect_classic_comparison_SRP254919/mh.all.v2022.1.Mm.symbols/treatment_effect_classic_comparison_SRP254919.mh.all.v2022.1.Mm.symbols.enplot_HALLMARK_KRAS_SIGNALING_UP_9.png",
                "report/gsea/treatment_effect_classic_comparison_SRP254919/mh.all.v2022.1.Mm.symbols/treatment_effect_classic_comparison_SRP254919.mh.all.v2022.1.Mm.symbols.enplot_HALLMARK_MTORC1_SIGNALING_72.png",
                "report/gsea/treatment_effect_classic_comparison_SRP254919/mh.all.v2022.1.Mm.symbols/treatment_effect_classic_comparison_SRP254919.mh.all.v2022.1.Mm.symbols.enplot_HALLMARK_MYC_TARGETS_V1_54.png",
                "report/gsea/treatment_effect_classic_comparison_SRP254919/mh.all.v2022.1.Mm.symbols/treatment_effect_classic_comparison_SRP254919.mh.all.v2022.1.Mm.symbols.enplot_HALLMARK_MYC_TARGETS_V2_18.png",
                "report/gsea/treatment_effect_classic_comparison_SRP254919/mh.all.v2022.1.Mm.symbols/treatment_effect_classic_comparison_SRP254919.mh.all.v2022.1.Mm.symbols.enplot_HALLMARK_NOTCH_SIGNALING_45.png",
                "report/gsea/treatment_effect_classic_comparison_SRP254919/mh.all.v2022.1.Mm.symbols/treatment_effect_classic_comparison_SRP254919.mh.all.v2022.1.Mm.symbols.enplot_HALLMARK_P53_PATHWAY_105.png",
                "report/gsea/treatment_effect_classic_comparison_SRP254919/mh.all.v2022.1.Mm.symbols/treatment_effect_classic_comparison_SRP254919.mh.all.v2022.1.Mm.symbols.enplot_HALLMARK_PANCREAS_BETA_CELLS_51.png",
                "report/gsea/treatment_effect_classic_comparison_SRP254919/mh.all.v2022.1.Mm.symbols/treatment_effect_classic_comparison_SRP254919.mh.all.v2022.1.Mm.symbols.enplot_HALLMARK_PI3K_AKT_MTOR_SIGNALING_60.png",
                "report/gsea/treatment_effect_classic_comparison_SRP254919/mh.all.v2022.1.Mm.symbols/treatment_effect_classic_comparison_SRP254919.mh.all.v2022.1.Mm.symbols.enplot_HALLMARK_PROTEIN_SECRETION_75.png",
                "report/gsea/treatment_effect_classic_comparison_SRP254919/mh.all.v2022.1.Mm.symbols/treatment_effect_classic_comparison_SRP254919.mh.all.v2022.1.Mm.symbols.enplot_HALLMARK_SPERMATOGENESIS_66.png",
                "report/gsea/treatment_effect_classic_comparison_SRP254919/mh.all.v2022.1.Mm.symbols/treatment_effect_classic_comparison_SRP254919.mh.all.v2022.1.Mm.symbols.enplot_HALLMARK_TGF_BETA_SIGNALING_90.png",
                "report/gsea/treatment_effect_classic_comparison_SRP254919/mh.all.v2022.1.Mm.symbols/treatment_effect_classic_comparison_SRP254919.mh.all.v2022.1.Mm.symbols.enplot_HALLMARK_TNFA_SIGNALING_VIA_NFKB_3.png",
                "report/gsea/treatment_effect_classic_comparison_SRP254919/mh.all.v2022.1.Mm.symbols/treatment_effect_classic_comparison_SRP254919.mh.all.v2022.1.Mm.symbols.enplot_HALLMARK_UNFOLDED_PROTEIN_RESPONSE_78.png",
                "report/gsea/treatment_effect_classic_comparison_SRP254919/mh.all.v2022.1.Mm.symbols/treatment_effect_classic_comparison_SRP254919.mh.all.v2022.1.Mm.symbols.enplot_HALLMARK_UV_RESPONSE_DN_108.png",
                "report/gsea/treatment_effect_classic_comparison_SRP254919/mh.all.v2022.1.Mm.symbols/treatment_effect_classic_comparison_SRP254919.mh.all.v2022.1.Mm.symbols.enplot_HALLMARK_UV_RESPONSE_UP_39.png",
                "report/gsea/treatment_effect_classic_comparison_SRP254919/mh.all.v2022.1.Mm.symbols/treatment_effect_classic_comparison_SRP254919.mh.all.v2022.1.Mm.symbols.enplot_HALLMARK_WNT_BETA_CATENIN_SIGNALING_57.png",
                "report/gsea/treatment_effect_classic_comparison_SRP254919/mh.all.v2022.1.Mm.symbols/treatment_effect_classic_comparison_SRP254919.mh.all.v2022.1.Mm.symbols.enplot_HALLMARK_XENOBIOTIC_METABOLISM_33.png",
                "report/gsea/treatment_effect_classic_comparison_SRP254919/mh.all.v2022.1.Mm.symbols/treatment_effect_classic_comparison_SRP254919.mh.all.v2022.1.Mm.symbols.gene_set_sizes.tsv",
                "report/gsea/treatment_effect_classic_comparison_SRP254919/mh.all.v2022.1.Mm.symbols/treatment_effect_classic_comparison_SRP254919.mh.all.v2022.1.Mm.symbols.global_es_histogram.png",
                "report/gsea/treatment_effect_classic_comparison_SRP254919/mh.all.v2022.1.Mm.symbols/treatment_effect_classic_comparison_SRP254919.mh.all.v2022.1.Mm.symbols.gsea_report_for_Control.html",
                "report/gsea/treatment_effect_classic_comparison_SRP254919/mh.all.v2022.1.Mm.symbols/treatment_effect_classic_comparison_SRP254919.mh.all.v2022.1.Mm.symbols.gsea_report_for_Control.tsv",
                "report/gsea/treatment_effect_classic_comparison_SRP254919/mh.all.v2022.1.Mm.symbols/treatment_effect_classic_comparison_SRP254919.mh.all.v2022.1.Mm.symbols.gsea_report_for_Treated.html",
                "report/gsea/treatment_effect_classic_comparison_SRP254919/mh.all.v2022.1.Mm.symbols/treatment_effect_classic_comparison_SRP254919.mh.all.v2022.1.Mm.symbols.gsea_report_for_Treated.tsv",
                "report/gsea/treatment_effect_classic_comparison_SRP254919/mh.all.v2022.1.Mm.symbols/treatment_effect_classic_comparison_SRP254919.mh.all.v2022.1.Mm.symbols.gset_rnd_es_dist_101.png",
                "report/gsea/treatment_effect_classic_comparison_SRP254919/mh.all.v2022.1.Mm.symbols/treatment_effect_classic_comparison_SRP254919.mh.all.v2022.1.Mm.symbols.gset_rnd_es_dist_104.png",
                "report/gsea/treatment_effect_classic_comparison_SRP254919/mh.all.v2022.1.Mm.symbols/treatment_effect_classic_comparison_SRP254919.mh.all.v2022.1.Mm.symbols.gset_rnd_es_dist_107.png",
                "report/gsea/treatment_effect_classic_comparison_SRP254919/mh.all.v2022.1.Mm.symbols/treatment_effect_classic_comparison_SRP254919.mh.all.v2022.1.Mm.symbols.gset_rnd_es_dist_11.png",
                "report/gsea/treatment_effect_classic_comparison_SRP254919/mh.all.v2022.1.Mm.symbols/treatment_effect_classic_comparison_SRP254919.mh.all.v2022.1.Mm.symbols.gset_rnd_es_dist_110.png",
                "report/gsea/treatment_effect_classic_comparison_SRP254919/mh.all.v2022.1.Mm.symbols/treatment_effect_classic_comparison_SRP254919.mh.all.v2022.1.Mm.symbols.gset_rnd_es_dist_113.png",
                "report/gsea/treatment_effect_classic_comparison_SRP254919/mh.all.v2022.1.Mm.symbols/treatment_effect_classic_comparison_SRP254919.mh.all.v2022.1.Mm.symbols.gset_rnd_es_dist_116.png",
                "report/gsea/treatment_effect_classic_comparison_SRP254919/mh.all.v2022.1.Mm.symbols/treatment_effect_classic_comparison_SRP254919.mh.all.v2022.1.Mm.symbols.gset_rnd_es_dist_14.png",
                "report/gsea/treatment_effect_classic_comparison_SRP254919/mh.all.v2022.1.Mm.symbols/treatment_effect_classic_comparison_SRP254919.mh.all.v2022.1.Mm.symbols.gset_rnd_es_dist_17.png",
                "report/gsea/treatment_effect_classic_comparison_SRP254919/mh.all.v2022.1.Mm.symbols/treatment_effect_classic_comparison_SRP254919.mh.all.v2022.1.Mm.symbols.gset_rnd_es_dist_20.png",
                "report/gsea/treatment_effect_classic_comparison_SRP254919/mh.all.v2022.1.Mm.symbols/treatment_effect_classic_comparison_SRP254919.mh.all.v2022.1.Mm.symbols.gset_rnd_es_dist_23.png",
                "report/gsea/treatment_effect_classic_comparison_SRP254919/mh.all.v2022.1.Mm.symbols/treatment_effect_classic_comparison_SRP254919.mh.all.v2022.1.Mm.symbols.gset_rnd_es_dist_26.png",
                "report/gsea/treatment_effect_classic_comparison_SRP254919/mh.all.v2022.1.Mm.symbols/treatment_effect_classic_comparison_SRP254919.mh.all.v2022.1.Mm.symbols.gset_rnd_es_dist_29.png",
                "report/gsea/treatment_effect_classic_comparison_SRP254919/mh.all.v2022.1.Mm.symbols/treatment_effect_classic_comparison_SRP254919.mh.all.v2022.1.Mm.symbols.gset_rnd_es_dist_32.png",
                "report/gsea/treatment_effect_classic_comparison_SRP254919/mh.all.v2022.1.Mm.symbols/treatment_effect_classic_comparison_SRP254919.mh.all.v2022.1.Mm.symbols.gset_rnd_es_dist_35.png",
                "report/gsea/treatment_effect_classic_comparison_SRP254919/mh.all.v2022.1.Mm.symbols/treatment_effect_classic_comparison_SRP254919.mh.all.v2022.1.Mm.symbols.gset_rnd_es_dist_38.png",
                "report/gsea/treatment_effect_classic_comparison_SRP254919/mh.all.v2022.1.Mm.symbols/treatment_effect_classic_comparison_SRP254919.mh.all.v2022.1.Mm.symbols.gset_rnd_es_dist_41.png",
                "report/gsea/treatment_effect_classic_comparison_SRP254919/mh.all.v2022.1.Mm.symbols/treatment_effect_classic_comparison_SRP254919.mh.all.v2022.1.Mm.symbols.gset_rnd_es_dist_44.png",
                "report/gsea/treatment_effect_classic_comparison_SRP254919/mh.all.v2022.1.Mm.symbols/treatment_effect_classic_comparison_SRP254919.mh.all.v2022.1.Mm.symbols.gset_rnd_es_dist_47.png",
                "report/gsea/treatment_effect_classic_comparison_SRP254919/mh.all.v2022.1.Mm.symbols/treatment_effect_classic_comparison_SRP254919.mh.all.v2022.1.Mm.symbols.gset_rnd_es_dist_5.png",
                "report/gsea/treatment_effect_classic_comparison_SRP254919/mh.all.v2022.1.Mm.symbols/treatment_effect_classic_comparison_SRP254919.mh.all.v2022.1.Mm.symbols.gset_rnd_es_dist_50.png",
                "report/gsea/treatment_effect_classic_comparison_SRP254919/mh.all.v2022.1.Mm.symbols/treatment_effect_classic_comparison_SRP254919.mh.all.v2022.1.Mm.symbols.gset_rnd_es_dist_53.png",
                "report/gsea/treatment_effect_classic_comparison_SRP254919/mh.all.v2022.1.Mm.symbols/treatment_effect_classic_comparison_SRP254919.mh.all.v2022.1.Mm.symbols.gset_rnd_es_dist_56.png",
                "report/gsea/treatment_effect_classic_comparison_SRP254919/mh.all.v2022.1.Mm.symbols/treatment_effect_classic_comparison_SRP254919.mh.all.v2022.1.Mm.symbols.gset_rnd_es_dist_59.png",
                "report/gsea/treatment_effect_classic_comparison_SRP254919/mh.all.v2022.1.Mm.symbols/treatment_effect_classic_comparison_SRP254919.mh.all.v2022.1.Mm.symbols.gset_rnd_es_dist_62.png",
                "report/gsea/treatment_effect_classic_comparison_SRP254919/mh.all.v2022.1.Mm.symbols/treatment_effect_classic_comparison_SRP254919.mh.all.v2022.1.Mm.symbols.gset_rnd_es_dist_65.png",
                "report/gsea/treatment_effect_classic_comparison_SRP254919/mh.all.v2022.1.Mm.symbols/treatment_effect_classic_comparison_SRP254919.mh.all.v2022.1.Mm.symbols.gset_rnd_es_dist_68.png",
                "report/gsea/treatment_effect_classic_comparison_SRP254919/mh.all.v2022.1.Mm.symbols/treatment_effect_classic_comparison_SRP254919.mh.all.v2022.1.Mm.symbols.gset_rnd_es_dist_71.png",
                "report/gsea/treatment_effect_classic_comparison_SRP254919/mh.all.v2022.1.Mm.symbols/treatment_effect_classic_comparison_SRP254919.mh.all.v2022.1.Mm.symbols.gset_rnd_es_dist_74.png",
                "report/gsea/treatment_effect_classic_comparison_SRP254919/mh.all.v2022.1.Mm.symbols/treatment_effect_classic_comparison_SRP254919.mh.all.v2022.1.Mm.symbols.gset_rnd_es_dist_77.png",
                "report/gsea/treatment_effect_classic_comparison_SRP254919/mh.all.v2022.1.Mm.symbols/treatment_effect_classic_comparison_SRP254919.mh.all.v2022.1.Mm.symbols.gset_rnd_es_dist_8.png",
                "report/gsea/treatment_effect_classic_comparison_SRP254919/mh.all.v2022.1.Mm.symbols/treatment_effect_classic_comparison_SRP254919.mh.all.v2022.1.Mm.symbols.gset_rnd_es_dist_80.png",
                "report/gsea/treatment_effect_classic_comparison_SRP254919/mh.all.v2022.1.Mm.symbols/treatment_effect_classic_comparison_SRP254919.mh.all.v2022.1.Mm.symbols.gset_rnd_es_dist_83.png",
                "report/gsea/treatment_effect_classic_comparison_SRP254919/mh.all.v2022.1.Mm.symbols/treatment_effect_classic_comparison_SRP254919.mh.all.v2022.1.Mm.symbols.gset_rnd_es_dist_86.png",
                "report/gsea/treatment_effect_classic_comparison_SRP254919/mh.all.v2022.1.Mm.symbols/treatment_effect_classic_comparison_SRP254919.mh.all.v2022.1.Mm.symbols.gset_rnd_es_dist_89.png",
                "report/gsea/treatment_effect_classic_comparison_SRP254919/mh.all.v2022.1.Mm.symbols/treatment_effect_classic_comparison_SRP254919.mh.all.v2022.1.Mm.symbols.gset_rnd_es_dist_92.png",
                "report/gsea/treatment_effect_classic_comparison_SRP254919/mh.all.v2022.1.Mm.symbols/treatment_effect_classic_comparison_SRP254919.mh.all.v2022.1.Mm.symbols.gset_rnd_es_dist_95.png",
                "report/gsea/treatment_effect_classic_comparison_SRP254919/mh.all.v2022.1.Mm.symbols/treatment_effect_classic_comparison_SRP254919.mh.all.v2022.1.Mm.symbols.gset_rnd_es_dist_98.png",
                "report/gsea/treatment_effect_classic_comparison_SRP254919/mh.all.v2022.1.Mm.symbols/treatment_effect_classic_comparison_SRP254919.mh.all.v2022.1.Mm.symbols.heat_map_1.png",
                "report/gsea/treatment_effect_classic_comparison_SRP254919/mh.all.v2022.1.Mm.symbols/treatment_effect_classic_comparison_SRP254919.mh.all.v2022.1.Mm.symbols.heat_map_corr_plot.html",
                "report/gsea/treatment_effect_classic_comparison_SRP254919/mh.all.v2022.1.Mm.symbols/treatment_effect_classic_comparison_SRP254919.mh.all.v2022.1.Mm.symbols.index.html",
                "report/gsea/treatment_effect_classic_comparison_SRP254919/mh.all.v2022.1.Mm.symbols/treatment_effect_classic_comparison_SRP254919.mh.all.v2022.1.Mm.symbols.neg_snapshot.html",
                "report/gsea/treatment_effect_classic_comparison_SRP254919/mh.all.v2022.1.Mm.symbols/treatment_effect_classic_comparison_SRP254919.mh.all.v2022.1.Mm.symbols.pos_snapshot.html",
                "report/gsea/treatment_effect_classic_comparison_SRP254919/mh.all.v2022.1.Mm.symbols/treatment_effect_classic_comparison_SRP254919.mh.all.v2022.1.Mm.symbols.pvalues_vs_nes_plot.png",
                "report/gsea/treatment_effect_classic_comparison_SRP254919/mh.all.v2022.1.Mm.symbols/treatment_effect_classic_comparison_SRP254919.mh.all.v2022.1.Mm.symbols.ranked_gene_list_Treated_versus_Control.tsv",
                "report/gsea/treatment_effect_classic_comparison_SRP254919/mh.all.v2022.1.Mm.symbols/treatment_effect_classic_comparison_SRP254919.mh.all.v2022.1.Mm.symbols.ranked_list_corr_2.png",
                "shinyngs_app",
                "shinyngs_app/SRP254919",
                "shinyngs_app/SRP254919/app.R",
                "shinyngs_app/SRP254919/data.rds",
                "shinyngs_app/versions.yml",
                "tables",
                "tables/annotation",
                "tables/annotation/SRP254919.anno.tsv",
                "tables/differential",
                "tables/differential/full_model_with_interactions_SRP254919.limma.results.tsv",
                "tables/differential/full_model_with_interactions_SRP254919.limma.results_filtered.tsv",
                "tables/differential/interaction_genotype_treatment_SRP254919.limma.results.tsv",
                "tables/differential/interaction_genotype_treatment_SRP254919.limma.results_filtered.tsv",
                "tables/differential/treatment_effect_classic_comparison_SRP254919.limma.results.tsv",
                "tables/differential/treatment_effect_classic_comparison_SRP254919.limma.results_filtered.tsv",
                "tables/differential/treatment_plus_genotype_SRP254919.limma.results.tsv",
                "tables/differential/treatment_plus_genotype_SRP254919.limma.results_filtered.tsv",
                "tables/processed_abundance",
                "tables/processed_abundance/all.normalised_counts.tsv"
            ],
            [
                "versions.yml:md5,225ced8832439345efa781c726cf2e5c",
                "versions.yml:md5,d5f6ad8fe6242dcd75bc62b654d1d211",
                "gene_sets_treatment_effect_classic_comparison_SRP254919.mh.all.v2022.1.Mm.symbols.HALLMARK_ADIPOGENESIS.tsv:md5,5296126cd4428fbf51c0fe2287adad1b",
                "gene_sets_treatment_effect_classic_comparison_SRP254919.mh.all.v2022.1.Mm.symbols.HALLMARK_ALLOGRAFT_REJECTION.tsv:md5,7bf4f8019969f3cfdf1d2627c7d84544",
                "gene_sets_treatment_effect_classic_comparison_SRP254919.mh.all.v2022.1.Mm.symbols.HALLMARK_ANDROGEN_RESPONSE.tsv:md5,582f4373bd05da9d6bf83762a382f00c",
                "gene_sets_treatment_effect_classic_comparison_SRP254919.mh.all.v2022.1.Mm.symbols.HALLMARK_ANGIOGENESIS.tsv:md5,2ad498c17a8bd697674d4615b31212b6",
                "gene_sets_treatment_effect_classic_comparison_SRP254919.mh.all.v2022.1.Mm.symbols.HALLMARK_APICAL_JUNCTION.tsv:md5,3371355c26c5ba245eeac0c952888997",
                "gene_sets_treatment_effect_classic_comparison_SRP254919.mh.all.v2022.1.Mm.symbols.HALLMARK_BILE_ACID_METABOLISM.tsv:md5,6ecdc38ba6ea5aaa9b05f23c8f67c311",
                "gene_sets_treatment_effect_classic_comparison_SRP254919.mh.all.v2022.1.Mm.symbols.HALLMARK_CHOLESTEROL_HOMEOSTASIS.tsv:md5,697df30f6b111e01b00e3045d689a1c4",
                "gene_sets_treatment_effect_classic_comparison_SRP254919.mh.all.v2022.1.Mm.symbols.HALLMARK_COAGULATION.tsv:md5,93e1dd37c23f0744c76241a60d771084",
                "gene_sets_treatment_effect_classic_comparison_SRP254919.mh.all.v2022.1.Mm.symbols.HALLMARK_COMPLEMENT.tsv:md5,5c919c480047350fd943156f5e99e264",
                "gene_sets_treatment_effect_classic_comparison_SRP254919.mh.all.v2022.1.Mm.symbols.HALLMARK_EPITHELIAL_MESENCHYMAL_TRANSITION.tsv:md5,7259983811b9baf9ec372ea14f9acdfd",
                "gene_sets_treatment_effect_classic_comparison_SRP254919.mh.all.v2022.1.Mm.symbols.HALLMARK_ESTROGEN_RESPONSE_EARLY.tsv:md5,65c47cc04fb96523e6cee858f328b3ed",
                "gene_sets_treatment_effect_classic_comparison_SRP254919.mh.all.v2022.1.Mm.symbols.HALLMARK_ESTROGEN_RESPONSE_LATE.tsv:md5,f2670b3fdf8091f2a7e8d401c8b032d8",
                "gene_sets_treatment_effect_classic_comparison_SRP254919.mh.all.v2022.1.Mm.symbols.HALLMARK_FATTY_ACID_METABOLISM.tsv:md5,282c46f3384af22e528e0ef1d8274cb9",
                "gene_sets_treatment_effect_classic_comparison_SRP254919.mh.all.v2022.1.Mm.symbols.HALLMARK_GLYCOLYSIS.tsv:md5,c88842f3c5a14c290337eb8fa7893ef0",
                "gene_sets_treatment_effect_classic_comparison_SRP254919.mh.all.v2022.1.Mm.symbols.HALLMARK_HEDGEHOG_SIGNALING.tsv:md5,9b111ae21efe3e6a730ee3c7f52d93d6",
                "gene_sets_treatment_effect_classic_comparison_SRP254919.mh.all.v2022.1.Mm.symbols.HALLMARK_HEME_METABOLISM.tsv:md5,2404b20580377027b0c55d3ecd189df1",
                "gene_sets_treatment_effect_classic_comparison_SRP254919.mh.all.v2022.1.Mm.symbols.HALLMARK_HYPOXIA.tsv:md5,54f699f84ae73e815130895830835a21",
                "gene_sets_treatment_effect_classic_comparison_SRP254919.mh.all.v2022.1.Mm.symbols.HALLMARK_IL2_STAT5_SIGNALING.tsv:md5,abf87f74156befac357fc4ad9fa49a6c",
                "gene_sets_treatment_effect_classic_comparison_SRP254919.mh.all.v2022.1.Mm.symbols.HALLMARK_IL6_JAK_STAT3_SIGNALING.tsv:md5,5e17cf7ebb1109e3269689b6195d53b7",
                "gene_sets_treatment_effect_classic_comparison_SRP254919.mh.all.v2022.1.Mm.symbols.HALLMARK_INFLAMMATORY_RESPONSE.tsv:md5,cb7b085780249c7baac46ea6d5692a2f",
                "gene_sets_treatment_effect_classic_comparison_SRP254919.mh.all.v2022.1.Mm.symbols.HALLMARK_KRAS_SIGNALING_DN.tsv:md5,fc3d10bfa676ad19f4f1d409606256c2",
                "gene_sets_treatment_effect_classic_comparison_SRP254919.mh.all.v2022.1.Mm.symbols.HALLMARK_KRAS_SIGNALING_UP.tsv:md5,e221d762e47646d0ebd9c122d4071090",
                "gene_sets_treatment_effect_classic_comparison_SRP254919.mh.all.v2022.1.Mm.symbols.HALLMARK_MTORC1_SIGNALING.tsv:md5,171b4747b1f45f59020a8aad09796425",
                "gene_sets_treatment_effect_classic_comparison_SRP254919.mh.all.v2022.1.Mm.symbols.HALLMARK_MYC_TARGETS_V1.tsv:md5,8ea20d1f14356ab9a5b103bc2513a4b9",
                "gene_sets_treatment_effect_classic_comparison_SRP254919.mh.all.v2022.1.Mm.symbols.HALLMARK_MYC_TARGETS_V2.tsv:md5,18df7be98a6d61127083160c5e751ecc",
                "gene_sets_treatment_effect_classic_comparison_SRP254919.mh.all.v2022.1.Mm.symbols.HALLMARK_NOTCH_SIGNALING.tsv:md5,f4db2baedae1de94b92d617a28659f95",
                "gene_sets_treatment_effect_classic_comparison_SRP254919.mh.all.v2022.1.Mm.symbols.HALLMARK_P53_PATHWAY.tsv:md5,ad65248e2f64a0af329ab24217a30ec0",
                "gene_sets_treatment_effect_classic_comparison_SRP254919.mh.all.v2022.1.Mm.symbols.HALLMARK_PANCREAS_BETA_CELLS.tsv:md5,7051b19a3c879e6dc16932b77cce5b1e",
                "gene_sets_treatment_effect_classic_comparison_SRP254919.mh.all.v2022.1.Mm.symbols.HALLMARK_PI3K_AKT_MTOR_SIGNALING.tsv:md5,fe5bf00ab61d8566959c2bca899d9049",
                "gene_sets_treatment_effect_classic_comparison_SRP254919.mh.all.v2022.1.Mm.symbols.HALLMARK_PROTEIN_SECRETION.tsv:md5,48c8378d0ce22e63dd66b0a86cb44794",
                "gene_sets_treatment_effect_classic_comparison_SRP254919.mh.all.v2022.1.Mm.symbols.HALLMARK_SPERMATOGENESIS.tsv:md5,8d4eb59b5af65f5ae75b6d11e3bfaa99",
                "gene_sets_treatment_effect_classic_comparison_SRP254919.mh.all.v2022.1.Mm.symbols.HALLMARK_TGF_BETA_SIGNALING.tsv:md5,c6f6ed5edb58b3b59e0264edbab8e1c4",
                "gene_sets_treatment_effect_classic_comparison_SRP254919.mh.all.v2022.1.Mm.symbols.HALLMARK_TNFA_SIGNALING_VIA_NFKB.tsv:md5,3436c06215c66fcb7935df2506faede9",
                "gene_sets_treatment_effect_classic_comparison_SRP254919.mh.all.v2022.1.Mm.symbols.HALLMARK_UNFOLDED_PROTEIN_RESPONSE.tsv:md5,a10e17d4e547def0f0eaef36f296d32a",
                "gene_sets_treatment_effect_classic_comparison_SRP254919.mh.all.v2022.1.Mm.symbols.HALLMARK_UV_RESPONSE_DN.tsv:md5,abdd3bc5f0b835531fa3c3e5672b987a",
                "gene_sets_treatment_effect_classic_comparison_SRP254919.mh.all.v2022.1.Mm.symbols.HALLMARK_UV_RESPONSE_UP.tsv:md5,8da645e3bbbf30e886d55e2e4da5f4fa",
                "gene_sets_treatment_effect_classic_comparison_SRP254919.mh.all.v2022.1.Mm.symbols.HALLMARK_WNT_BETA_CATENIN_SIGNALING.tsv:md5,369476cc2b0d71946fb33989ccea7c28",
                "gene_sets_treatment_effect_classic_comparison_SRP254919.mh.all.v2022.1.Mm.symbols.HALLMARK_XENOBIOTIC_METABOLISM.tsv:md5,b885df8fa780a1d42ee8067faf9b3c1b",
                "gene_sets_treatment_effect_classic_comparison_SRP254919.mh.all.v2022.1.Mm.symbols.Symbol_to_probe_set_mapping_details.tsv:md5,a2cea8c49794d47b7e3ec62a66d864db",
                "treatment_effect_classic_comparison_SRP254919.mh.all.v2022.1.Mm.symbols.gene_set_sizes.tsv:md5,1c3df0b493d3f5499dd5336a6f362243",
                "treatment_effect_classic_comparison_SRP254919.mh.all.v2022.1.Mm.symbols.gsea_report_for_Control.tsv:md5,b40f15ab0aa3fc8f16f837fccc402f17",
                "treatment_effect_classic_comparison_SRP254919.mh.all.v2022.1.Mm.symbols.gsea_report_for_Treated.tsv:md5,d78ba7e3ceef0769b8b639b917db54fa",
                "treatment_effect_classic_comparison_SRP254919.mh.all.v2022.1.Mm.symbols.ranked_gene_list_Treated_versus_Control.tsv:md5,b426dcc9e9a977168f27ecd429c25585",
                "app.R:md5,bedcfc45b6cdcc2b8fe3627987e2b17a",
                "versions.yml:md5,b3436c10ff83d0dab55060de3cae3ef2",
                "SRP254919.anno.tsv:md5,c1d7f21e64bd00f845ec6545c123a1fb",
                "all.normalised_counts.tsv:md5,ebe30cc05e93aea1f04ee8598ec62c94"
            ]
        ],
        "meta": {
            "nf-test": "0.9.2",
            "nextflow": "25.04.6"
        },
        "timestamp": "2025-09-19T09:18:50.230685526"
    },
    "Test rnaseq limma profile - with toolsheet": {
        "content": [
            22,
            {
                "CUSTOM_FILTERDIFFERENTIALTABLE": {
                    "pandas": "1.5.2"
                },
                "CUSTOM_TABULARTOGSEACHIP": {
                    "gawk": "5.1.0"
                },
                "CUSTOM_TABULARTOGSEACLS": {
                    "awk": "1.3.4"
                },
                "CUSTOM_TABULARTOGSEAGCT": {
                    "awk": "1.3.4"
                },
                "GSEA_GSEA": {
                    "gsea": "4.3.2"
                },
                "GTF_TO_TABLE": {
                    "atlas-gene-annotation-manipulation": "1.1.1"
                },
                "GUNZIP_GTF": {
                    "gunzip": 1.1
                },
                "LIMMA_DIFFERENTIAL": {
                    "r-base": "4.3.3",
                    "bioconductor-limma": "3.58.1"
                },
                "LIMMA_NORM": {
                    "r-base": "4.3.3",
                    "bioconductor-limma": "3.58.1"
                },
                "PLOT_DIFFERENTIAL": {
                    "r-shinyngs": "2.2.4"
                },
                "PLOT_EXPLORATORY": {
                    "r-shinyngs": "2.2.4"
                },
                "SHINYNGS_APP": {
                    "r-shinyngs": "2.2.4"
                },
                "VALIDATOR": {
                    "r-shinyngs": "2.2.4"
                },
                "Workflow": {
                    "nf-core/differentialabundance": "v1.6.0dev"
                }
            },
            [
                "other",
                "other/limma",
                "other/limma/treatment_mCherry_hND6__SRP254919.MArrayLM.limma.rds",
                "other/limma/treatment_mCherry_hND6_sample_number_SRP254919.MArrayLM.limma.rds",
                "pipeline_info",
                "pipeline_info/collated_versions.yml",
                "pipeline_info/nf_core_differentialabundance_software_versions.yml",
                "plots",
                "plots/differential",
                "plots/differential/treatment_mCherry_hND6__SRP254919",
                "plots/differential/treatment_mCherry_hND6__SRP254919/png",
                "plots/differential/treatment_mCherry_hND6__SRP254919/png/volcano.png",
                "plots/differential/treatment_mCherry_hND6_sample_number_SRP254919",
                "plots/differential/treatment_mCherry_hND6_sample_number_SRP254919/png",
                "plots/differential/treatment_mCherry_hND6_sample_number_SRP254919/png/volcano.png",
                "plots/differential/versions.yml",
                "plots/exploratory",
                "plots/exploratory/treatment",
                "plots/exploratory/treatment/png",
                "plots/exploratory/treatment/png/boxplot.png",
                "plots/exploratory/treatment/png/density.png",
                "plots/exploratory/treatment/png/mad_correlation.png",
                "plots/exploratory/treatment/png/pca2d.png",
                "plots/exploratory/treatment/png/pca3d.png",
                "plots/exploratory/treatment/png/sample_dendrogram.png",
                "plots/exploratory/versions.yml",
                "plots/qc",
                "plots/qc/treatment_mCherry_hND6__SRP254919.limma.mean_difference.png",
                "plots/qc/treatment_mCherry_hND6_sample_number_SRP254919.limma.mean_difference.png",
                "report",
                "report/SRP254919.html",
                "report/SRP254919.zip",
                "report/gsea",
                "report/gsea/treatment_mCherry_hND6__SRP254919",
                "report/gsea/treatment_mCherry_hND6__SRP254919/mh.all.v2022.1.Mm.symbols",
                "report/gsea/treatment_mCherry_hND6__SRP254919/mh.all.v2022.1.Mm.symbols/gene_sets_treatment_mCherry_hND6__SRP254919.mh.all.v2022.1.Mm.symbols.HALLMARK_KRAS_SIGNALING_DN.html",
                "report/gsea/treatment_mCherry_hND6__SRP254919/mh.all.v2022.1.Mm.symbols/gene_sets_treatment_mCherry_hND6__SRP254919.mh.all.v2022.1.Mm.symbols.HALLMARK_KRAS_SIGNALING_DN.tsv",
                "report/gsea/treatment_mCherry_hND6__SRP254919/mh.all.v2022.1.Mm.symbols/gene_sets_treatment_mCherry_hND6__SRP254919.mh.all.v2022.1.Mm.symbols.HALLMARK_KRAS_SIGNALING_DN_4.png",
                "report/gsea/treatment_mCherry_hND6__SRP254919/mh.all.v2022.1.Mm.symbols/gene_sets_treatment_mCherry_hND6__SRP254919.mh.all.v2022.1.Mm.symbols.Symbol_to_probe_set_mapping_details.tsv",
                "report/gsea/treatment_mCherry_hND6__SRP254919/mh.all.v2022.1.Mm.symbols/treatment_mCherry_hND6__SRP254919.mh.all.v2022.1.Mm.symbols.Gsea.rpt",
                "report/gsea/treatment_mCherry_hND6__SRP254919/mh.all.v2022.1.Mm.symbols/treatment_mCherry_hND6__SRP254919.mh.all.v2022.1.Mm.symbols.butterfly_plot.png",
                "report/gsea/treatment_mCherry_hND6__SRP254919/mh.all.v2022.1.Mm.symbols/treatment_mCherry_hND6__SRP254919.mh.all.v2022.1.Mm.symbols.enplot_HALLMARK_KRAS_SIGNALING_DN_3.png",
                "report/gsea/treatment_mCherry_hND6__SRP254919/mh.all.v2022.1.Mm.symbols/treatment_mCherry_hND6__SRP254919.mh.all.v2022.1.Mm.symbols.gene_set_sizes.tsv",
                "report/gsea/treatment_mCherry_hND6__SRP254919/mh.all.v2022.1.Mm.symbols/treatment_mCherry_hND6__SRP254919.mh.all.v2022.1.Mm.symbols.global_es_histogram.png",
                "report/gsea/treatment_mCherry_hND6__SRP254919/mh.all.v2022.1.Mm.symbols/treatment_mCherry_hND6__SRP254919.mh.all.v2022.1.Mm.symbols.gsea_report_for_hND6.html",
                "report/gsea/treatment_mCherry_hND6__SRP254919/mh.all.v2022.1.Mm.symbols/treatment_mCherry_hND6__SRP254919.mh.all.v2022.1.Mm.symbols.gsea_report_for_hND6.tsv",
                "report/gsea/treatment_mCherry_hND6__SRP254919/mh.all.v2022.1.Mm.symbols/treatment_mCherry_hND6__SRP254919.mh.all.v2022.1.Mm.symbols.gsea_report_for_mCherry.html",
                "report/gsea/treatment_mCherry_hND6__SRP254919/mh.all.v2022.1.Mm.symbols/treatment_mCherry_hND6__SRP254919.mh.all.v2022.1.Mm.symbols.gsea_report_for_mCherry.tsv",
                "report/gsea/treatment_mCherry_hND6__SRP254919/mh.all.v2022.1.Mm.symbols/treatment_mCherry_hND6__SRP254919.mh.all.v2022.1.Mm.symbols.gset_rnd_es_dist_5.png",
                "report/gsea/treatment_mCherry_hND6__SRP254919/mh.all.v2022.1.Mm.symbols/treatment_mCherry_hND6__SRP254919.mh.all.v2022.1.Mm.symbols.heat_map_1.png",
                "report/gsea/treatment_mCherry_hND6__SRP254919/mh.all.v2022.1.Mm.symbols/treatment_mCherry_hND6__SRP254919.mh.all.v2022.1.Mm.symbols.heat_map_corr_plot.html",
                "report/gsea/treatment_mCherry_hND6__SRP254919/mh.all.v2022.1.Mm.symbols/treatment_mCherry_hND6__SRP254919.mh.all.v2022.1.Mm.symbols.index.html",
                "report/gsea/treatment_mCherry_hND6__SRP254919/mh.all.v2022.1.Mm.symbols/treatment_mCherry_hND6__SRP254919.mh.all.v2022.1.Mm.symbols.neg_snapshot.html",
                "report/gsea/treatment_mCherry_hND6__SRP254919/mh.all.v2022.1.Mm.symbols/treatment_mCherry_hND6__SRP254919.mh.all.v2022.1.Mm.symbols.pos_snapshot.html",
                "report/gsea/treatment_mCherry_hND6__SRP254919/mh.all.v2022.1.Mm.symbols/treatment_mCherry_hND6__SRP254919.mh.all.v2022.1.Mm.symbols.pvalues_vs_nes_plot.png",
                "report/gsea/treatment_mCherry_hND6__SRP254919/mh.all.v2022.1.Mm.symbols/treatment_mCherry_hND6__SRP254919.mh.all.v2022.1.Mm.symbols.ranked_gene_list_hND6_versus_mCherry.tsv",
                "report/gsea/treatment_mCherry_hND6__SRP254919/mh.all.v2022.1.Mm.symbols/treatment_mCherry_hND6__SRP254919.mh.all.v2022.1.Mm.symbols.ranked_list_corr_2.png",
                "report/gsea/treatment_mCherry_hND6_sample_number_SRP254919",
                "report/gsea/treatment_mCherry_hND6_sample_number_SRP254919/mh.all.v2022.1.Mm.symbols",
                "report/gsea/treatment_mCherry_hND6_sample_number_SRP254919/mh.all.v2022.1.Mm.symbols/gene_sets_treatment_mCherry_hND6_sample_number_SRP254919.mh.all.v2022.1.Mm.symbols.HALLMARK_KRAS_SIGNALING_DN.html",
                "report/gsea/treatment_mCherry_hND6_sample_number_SRP254919/mh.all.v2022.1.Mm.symbols/gene_sets_treatment_mCherry_hND6_sample_number_SRP254919.mh.all.v2022.1.Mm.symbols.HALLMARK_KRAS_SIGNALING_DN.tsv",
                "report/gsea/treatment_mCherry_hND6_sample_number_SRP254919/mh.all.v2022.1.Mm.symbols/gene_sets_treatment_mCherry_hND6_sample_number_SRP254919.mh.all.v2022.1.Mm.symbols.HALLMARK_KRAS_SIGNALING_DN_4.png",
                "report/gsea/treatment_mCherry_hND6_sample_number_SRP254919/mh.all.v2022.1.Mm.symbols/gene_sets_treatment_mCherry_hND6_sample_number_SRP254919.mh.all.v2022.1.Mm.symbols.Symbol_to_probe_set_mapping_details.tsv",
                "report/gsea/treatment_mCherry_hND6_sample_number_SRP254919/mh.all.v2022.1.Mm.symbols/treatment_mCherry_hND6_sample_number_SRP254919.mh.all.v2022.1.Mm.symbols.Gsea.rpt",
                "report/gsea/treatment_mCherry_hND6_sample_number_SRP254919/mh.all.v2022.1.Mm.symbols/treatment_mCherry_hND6_sample_number_SRP254919.mh.all.v2022.1.Mm.symbols.butterfly_plot.png",
                "report/gsea/treatment_mCherry_hND6_sample_number_SRP254919/mh.all.v2022.1.Mm.symbols/treatment_mCherry_hND6_sample_number_SRP254919.mh.all.v2022.1.Mm.symbols.enplot_HALLMARK_KRAS_SIGNALING_DN_3.png",
                "report/gsea/treatment_mCherry_hND6_sample_number_SRP254919/mh.all.v2022.1.Mm.symbols/treatment_mCherry_hND6_sample_number_SRP254919.mh.all.v2022.1.Mm.symbols.gene_set_sizes.tsv",
                "report/gsea/treatment_mCherry_hND6_sample_number_SRP254919/mh.all.v2022.1.Mm.symbols/treatment_mCherry_hND6_sample_number_SRP254919.mh.all.v2022.1.Mm.symbols.global_es_histogram.png",
                "report/gsea/treatment_mCherry_hND6_sample_number_SRP254919/mh.all.v2022.1.Mm.symbols/treatment_mCherry_hND6_sample_number_SRP254919.mh.all.v2022.1.Mm.symbols.gsea_report_for_hND6.html",
                "report/gsea/treatment_mCherry_hND6_sample_number_SRP254919/mh.all.v2022.1.Mm.symbols/treatment_mCherry_hND6_sample_number_SRP254919.mh.all.v2022.1.Mm.symbols.gsea_report_for_hND6.tsv",
                "report/gsea/treatment_mCherry_hND6_sample_number_SRP254919/mh.all.v2022.1.Mm.symbols/treatment_mCherry_hND6_sample_number_SRP254919.mh.all.v2022.1.Mm.symbols.gsea_report_for_mCherry.html",
                "report/gsea/treatment_mCherry_hND6_sample_number_SRP254919/mh.all.v2022.1.Mm.symbols/treatment_mCherry_hND6_sample_number_SRP254919.mh.all.v2022.1.Mm.symbols.gsea_report_for_mCherry.tsv",
                "report/gsea/treatment_mCherry_hND6_sample_number_SRP254919/mh.all.v2022.1.Mm.symbols/treatment_mCherry_hND6_sample_number_SRP254919.mh.all.v2022.1.Mm.symbols.gset_rnd_es_dist_5.png",
                "report/gsea/treatment_mCherry_hND6_sample_number_SRP254919/mh.all.v2022.1.Mm.symbols/treatment_mCherry_hND6_sample_number_SRP254919.mh.all.v2022.1.Mm.symbols.heat_map_1.png",
                "report/gsea/treatment_mCherry_hND6_sample_number_SRP254919/mh.all.v2022.1.Mm.symbols/treatment_mCherry_hND6_sample_number_SRP254919.mh.all.v2022.1.Mm.symbols.heat_map_corr_plot.html",
                "report/gsea/treatment_mCherry_hND6_sample_number_SRP254919/mh.all.v2022.1.Mm.symbols/treatment_mCherry_hND6_sample_number_SRP254919.mh.all.v2022.1.Mm.symbols.index.html",
                "report/gsea/treatment_mCherry_hND6_sample_number_SRP254919/mh.all.v2022.1.Mm.symbols/treatment_mCherry_hND6_sample_number_SRP254919.mh.all.v2022.1.Mm.symbols.neg_snapshot.html",
                "report/gsea/treatment_mCherry_hND6_sample_number_SRP254919/mh.all.v2022.1.Mm.symbols/treatment_mCherry_hND6_sample_number_SRP254919.mh.all.v2022.1.Mm.symbols.pos_snapshot.html",
                "report/gsea/treatment_mCherry_hND6_sample_number_SRP254919/mh.all.v2022.1.Mm.symbols/treatment_mCherry_hND6_sample_number_SRP254919.mh.all.v2022.1.Mm.symbols.pvalues_vs_nes_plot.png",
                "report/gsea/treatment_mCherry_hND6_sample_number_SRP254919/mh.all.v2022.1.Mm.symbols/treatment_mCherry_hND6_sample_number_SRP254919.mh.all.v2022.1.Mm.symbols.ranked_gene_list_hND6_versus_mCherry.tsv",
                "report/gsea/treatment_mCherry_hND6_sample_number_SRP254919/mh.all.v2022.1.Mm.symbols/treatment_mCherry_hND6_sample_number_SRP254919.mh.all.v2022.1.Mm.symbols.ranked_list_corr_2.png",
                "shinyngs_app",
                "shinyngs_app/SRP254919",
                "shinyngs_app/SRP254919/app.R",
                "shinyngs_app/SRP254919/data.rds",
                "shinyngs_app/versions.yml",
                "tables",
                "tables/annotation",
                "tables/annotation/SRP254919.anno.tsv",
                "tables/differential",
                "tables/differential/treatment_mCherry_hND6__SRP254919.limma.results.tsv",
                "tables/differential/treatment_mCherry_hND6__SRP254919.limma.results_filtered.tsv",
                "tables/differential/treatment_mCherry_hND6_sample_number_SRP254919.limma.results.tsv",
                "tables/differential/treatment_mCherry_hND6_sample_number_SRP254919.limma.results_filtered.tsv",
                "tables/processed_abundance",
                "tables/processed_abundance/all.normalised_counts.tsv"
            ],
            [
                "versions.yml:md5,225ced8832439345efa781c726cf2e5c",
                "versions.yml:md5,d5f6ad8fe6242dcd75bc62b654d1d211",
                "gene_sets_treatment_mCherry_hND6__SRP254919.mh.all.v2022.1.Mm.symbols.HALLMARK_KRAS_SIGNALING_DN.tsv:md5,95973aeca4524d8f53346f434f7f819a",
                "gene_sets_treatment_mCherry_hND6__SRP254919.mh.all.v2022.1.Mm.symbols.Symbol_to_probe_set_mapping_details.tsv:md5,e000a1b93ebbb7eb347d9ce666fd5e26",
                "treatment_mCherry_hND6__SRP254919.mh.all.v2022.1.Mm.symbols.gene_set_sizes.tsv:md5,e3049abd72c25ff6d7cd75b14135d245",
                "treatment_mCherry_hND6__SRP254919.mh.all.v2022.1.Mm.symbols.gsea_report_for_hND6.tsv:md5,89be43ef72d83fed4966a82b40540710",
                "treatment_mCherry_hND6__SRP254919.mh.all.v2022.1.Mm.symbols.gsea_report_for_mCherry.tsv:md5,ce8792382ae299749445767ff16aaecc",
                "treatment_mCherry_hND6__SRP254919.mh.all.v2022.1.Mm.symbols.ranked_gene_list_hND6_versus_mCherry.tsv:md5,d03318a51f4742890c239f8119ea4040",
                "gene_sets_treatment_mCherry_hND6_sample_number_SRP254919.mh.all.v2022.1.Mm.symbols.HALLMARK_KRAS_SIGNALING_DN.tsv:md5,95973aeca4524d8f53346f434f7f819a",
                "gene_sets_treatment_mCherry_hND6_sample_number_SRP254919.mh.all.v2022.1.Mm.symbols.Symbol_to_probe_set_mapping_details.tsv:md5,e000a1b93ebbb7eb347d9ce666fd5e26",
                "treatment_mCherry_hND6_sample_number_SRP254919.mh.all.v2022.1.Mm.symbols.gene_set_sizes.tsv:md5,e3049abd72c25ff6d7cd75b14135d245",
                "treatment_mCherry_hND6_sample_number_SRP254919.mh.all.v2022.1.Mm.symbols.gsea_report_for_hND6.tsv:md5,89be43ef72d83fed4966a82b40540710",
                "treatment_mCherry_hND6_sample_number_SRP254919.mh.all.v2022.1.Mm.symbols.gsea_report_for_mCherry.tsv:md5,ce8792382ae299749445767ff16aaecc",
                "treatment_mCherry_hND6_sample_number_SRP254919.mh.all.v2022.1.Mm.symbols.ranked_gene_list_hND6_versus_mCherry.tsv:md5,d03318a51f4742890c239f8119ea4040",
                "app.R:md5,bedcfc45b6cdcc2b8fe3627987e2b17a",
                "versions.yml:md5,b3436c10ff83d0dab55060de3cae3ef2",
                "SRP254919.anno.tsv:md5,c1d7f21e64bd00f845ec6545c123a1fb",
                "all.normalised_counts.tsv:md5,534f0f37e10325163656cad95418f34a"
            ]
        ],
        "meta": {
            "nf-test": "0.9.2",
            "nextflow": "25.04.6"
        },
        "timestamp": "2025-09-19T09:17:12.884294381"
    }
}