{
    "Test soft profile": {
        "content": [
            10,
            {
                "CUSTOM_FILTERDIFFERENTIALTABLE": {
                    "pandas": "1.5.2"
                },
                "GEOQUERY_GETGEO": {
                    "r-base": "4.3.2",
                    "bioconductor-geoquery": "2.70.0"
                },
                "LIMMA_DIFFERENTIAL": {
                    "r-base": "4.3.3",
                    "bioconductor-limma": "3.58.1"
                },
                "PLOT_DIFFERENTIAL": {
                    "r-shinyngs": "2.2.4"
                },
                "PLOT_EXPLORATORY": {
                    "r-shinyngs": "2.2.4"
                },
                "SHINYNGS_APP": {
                    "r-shinyngs": "2.2.4"
                },
                "VALIDATOR": {
                    "r-shinyngs": "2.2.4"
                },
                "Workflow": {
                    "nf-core/differentialabundance": "v1.6.0dev"
                }
            },
            [
                "other",
                "other/affy",
                "other/affy/normalised.eset.rds",
                "other/limma",
                "other/limma/phenotype_uninvolved_lesional_study.MArrayLM.limma.rds",
                "pipeline_info",
                "pipeline_info/collated_versions.yml",
                "pipeline_info/nf_core_differentialabundance_software_versions.yml",
                "plots",
                "plots/differential",
                "plots/differential/phenotype_uninvolved_lesional_study",
                "plots/differential/phenotype_uninvolved_lesional_study/png",
                "plots/differential/phenotype_uninvolved_lesional_study/png/volcano.png",
                "plots/differential/versions.yml",
                "plots/exploratory",
                "plots/exploratory/phenotype",
                "plots/exploratory/phenotype/png",
                "plots/exploratory/phenotype/png/boxplot.png",
                "plots/exploratory/phenotype/png/density.png",
                "plots/exploratory/phenotype/png/mad_correlation.png",
                "plots/exploratory/phenotype/png/pca2d.png",
                "plots/exploratory/phenotype/png/pca3d.png",
                "plots/exploratory/phenotype/png/sample_dendrogram.png",
                "plots/exploratory/versions.yml",
                "plots/qc",
                "plots/qc/phenotype_uninvolved_lesional_study.limma.mean_difference.png",
                "report",
                "report/study.html",
                "report/study.zip",
                "shinyngs_app",
                "shinyngs_app/study",
                "shinyngs_app/study/app.R",
                "shinyngs_app/study/data.rds",
                "shinyngs_app/versions.yml",
                "tables",
                "tables/annotation",
                "tables/annotation/normalised.annotation.tsv",
                "tables/differential",
                "tables/differential/phenotype_uninvolved_lesional_study.limma.results.tsv",
                "tables/differential/phenotype_uninvolved_lesional_study.limma.results_filtered.tsv",
                "tables/processed_abundance",
                "tables/processed_abundance/normalised.matrix.tsv"
            ],
            [
                "normalised.eset.rds:md5,ee83ece8b75d711163af9dd9300db49a",
                "versions.yml:md5,225ced8832439345efa781c726cf2e5c",
                "versions.yml:md5,d5f6ad8fe6242dcd75bc62b654d1d211",
                "app.R:md5,bedcfc45b6cdcc2b8fe3627987e2b17a",
                "versions.yml:md5,b3436c10ff83d0dab55060de3cae3ef2",
                "normalised.annotation.tsv:md5,40300ae222ae35fa54daf10a1b86e830",
                "normalised.matrix.tsv:md5,230f87f91c0c1a7e2ab354200c4b978c"
            ]
        ],
        "meta": {
            "nf-test": "0.9.2",
            "nextflow": "25.04.3"
        },
        "timestamp": "2025-06-17T15:33:55.744272934"
    },
    "Test soft profile - with toolsheet": {
        "content": [
            10,
            {
                "CUSTOM_FILTERDIFFERENTIALTABLE": {
                    "pandas": "1.5.2"
                },
                "GEOQUERY_GETGEO": {
                    "r-base": "4.3.2",
                    "bioconductor-geoquery": "2.70.0"
                },
                "LIMMA_DIFFERENTIAL": {
                    "r-base": "4.3.3",
                    "bioconductor-limma": "3.58.1"
                },
                "PLOT_DIFFERENTIAL": {
                    "r-shinyngs": "2.2.4"
                },
                "PLOT_EXPLORATORY": {
                    "r-shinyngs": "2.2.4"
                },
                "SHINYNGS_APP": {
                    "r-shinyngs": "2.2.4"
                },
                "VALIDATOR": {
                    "r-shinyngs": "2.2.4"
                },
                "Workflow": {
                    "nf-core/differentialabundance": "v1.6.0dev"
                }
            },
            [
                "other",
                "other/affy",
                "other/affy/normalised.eset.rds",
                "other/limma",
                "other/limma/phenotype_uninvolved_lesional_study.MArrayLM.limma.rds",
                "pipeline_info",
                "pipeline_info/collated_versions.yml",
                "pipeline_info/nf_core_differentialabundance_software_versions.yml",
                "plots",
                "plots/differential",
                "plots/differential/phenotype_uninvolved_lesional_study",
                "plots/differential/phenotype_uninvolved_lesional_study/png",
                "plots/differential/phenotype_uninvolved_lesional_study/png/volcano.png",
                "plots/differential/versions.yml",
                "plots/exploratory",
                "plots/exploratory/phenotype",
                "plots/exploratory/phenotype/png",
                "plots/exploratory/phenotype/png/boxplot.png",
                "plots/exploratory/phenotype/png/density.png",
                "plots/exploratory/phenotype/png/mad_correlation.png",
                "plots/exploratory/phenotype/png/pca2d.png",
                "plots/exploratory/phenotype/png/pca3d.png",
                "plots/exploratory/phenotype/png/sample_dendrogram.png",
                "plots/exploratory/versions.yml",
                "plots/qc",
                "plots/qc/phenotype_uninvolved_lesional_study.limma.mean_difference.png",
                "report",
                "report/study.html",
                "report/study.zip",
                "shinyngs_app",
                "shinyngs_app/study",
                "shinyngs_app/study/app.R",
                "shinyngs_app/study/data.rds",
                "shinyngs_app/versions.yml",
                "tables",
                "tables/annotation",
                "tables/annotation/normalised.annotation.tsv",
                "tables/differential",
                "tables/differential/phenotype_uninvolved_lesional_study.limma.results.tsv",
                "tables/differential/phenotype_uninvolved_lesional_study.limma.results_filtered.tsv",
                "tables/processed_abundance",
                "tables/processed_abundance/normalised.matrix.tsv"
            ],
            [
                "normalised.eset.rds:md5,ee83ece8b75d711163af9dd9300db49a",
                "versions.yml:md5,225ced8832439345efa781c726cf2e5c",
                "versions.yml:md5,d5f6ad8fe6242dcd75bc62b654d1d211",
                "app.R:md5,bedcfc45b6cdcc2b8fe3627987e2b17a",
                "versions.yml:md5,b3436c10ff83d0dab55060de3cae3ef2",
                "normalised.annotation.tsv:md5,40300ae222ae35fa54daf10a1b86e830",
                "normalised.matrix.tsv:md5,230f87f91c0c1a7e2ab354200c4b978c"
            ]
        ],
        "meta": {
            "nf-test": "0.9.2",
            "nextflow": "25.04.3"
        },
        "timestamp": "2025-06-17T15:35:15.411673157"
    }
}